MPLINK 5.00, LINKER
Linker Map File - Created Wed Nov 29 00:49:04 2017

                                 Section Info
                  Section       Type    Address   Location Size(Bytes)
                ---------  ---------  ---------  ---------  ---------
               _entry_scn       code   0x000000    program   0x000006
                   .cinit    romdata   0x000006    program   0x00000e
         .code_vfprintf.o       code   0x000014    program   0x000c22
             .code_main.o       code   0x000c36    program   0x000484
                     PROG       code   0x0010ba    program   0x0003cc
         .code_openxlcd.o       code   0x001486    program   0x0000ce
          .code_sprintf.o       code   0x001554    program   0x0000ac
               _cinit_scn       code   0x001600    program   0x00009e
             .code_putc.o       code   0x00169e    program   0x000084
          .code_fxm3232.o       code   0x001722    program   0x000070
                   STRING       code   0x001792    program   0x000066
         .code_setddram.o       code   0x0017f8    program   0x00004e
         .code_setcgram.o       code   0x001846    program   0x00004e
         .code_putrxlcd.o       code   0x001894    program   0x00004e
         .code_writdata.o       code   0x0018e2    program   0x00004c
         .code_wcmdxlcd.o       code   0x00192e    program   0x00004c
         .code_putsxlcd.o       code   0x00197a    program   0x00004a
         .code_fxd3232u.o       code   0x0019c4    program   0x000048
         .code_readdata.o       code   0x001a0c    program   0x000044
         .code_readaddr.o       code   0x001a50    program   0x000044
             .stringtable    romdata   0x001a94    program   0x000038
         .code_busyxlcd.o       code   0x001acc    program   0x000036
             D10KTCYXCODE       code   0x001b02    program   0x00002e
                    CTYPE       code   0x001b30    program   0x000024
              D1KTCYXCODE       code   0x001b54    program   0x000020
                    .code       code   0x001b74    program   0x000020
             _startup_scn       code   0x001b94    program   0x00001c
                    STDIO       code   0x001bb0    program   0x00001c
              D10TCYXCODE       code   0x001bcc    program   0x000016
      .romdata_vfprintf.o    romdata   0x001be2    program   0x000011
        .idata___init.o_i    romdata   0x001bf3    program   0x000000
        .romdata___init.o    romdata   0x001bf3    program   0x000000
       .idata_sprintf.o_i    romdata   0x001bf3    program   0x000000
       .romdata_sprintf.o    romdata   0x001bf3    program   0x000000
          .romdata_main.o    romdata   0x001bf3    program   0x000000
      .idata_vfprintf.o_i    romdata   0x001bf3    program   0x000000
      .idata_fxd3232u.o_i    romdata   0x001bf3    program   0x000000
      .romdata_fxd3232u.o    romdata   0x001bf3    program   0x000000
       .idata_fxm3232.o_i    romdata   0x001bf3    program   0x000000
       .romdata_fxm3232.o    romdata   0x001bf3    program   0x000000
          .idata_putc.o_i    romdata   0x001bf3    program   0x000000
          .romdata_putc.o    romdata   0x001bf3    program   0x000000
    .idata__user_putc.o_i    romdata   0x001bf3    program   0x000000
    .romdata__user_putc.o    romdata   0x001bf3    program   0x000000
         .romdata_c018i.o    romdata   0x001bf3    program   0x000000
         .idata_c018i.o_i    romdata   0x001bf3    program   0x000000
      .idata_busyxlcd.o_i    romdata   0x001bf3    program   0x000000
      .romdata_busyxlcd.o    romdata   0x001bf3    program   0x000000
      .idata_openxlcd.o_i    romdata   0x001bf3    program   0x000000
      .romdata_openxlcd.o    romdata   0x001bf3    program   0x000000
      .idata_putrxlcd.o_i    romdata   0x001bf3    program   0x000000
      .romdata_putrxlcd.o    romdata   0x001bf3    program   0x000000
      .idata_putsxlcd.o_i    romdata   0x001bf3    program   0x000000
      .romdata_putsxlcd.o    romdata   0x001bf3    program   0x000000
      .idata_readaddr.o_i    romdata   0x001bf3    program   0x000000
      .romdata_readaddr.o    romdata   0x001bf3    program   0x000000
      .idata_readdata.o_i    romdata   0x001bf3    program   0x000000
      .romdata_readdata.o    romdata   0x001bf3    program   0x000000
      .idata_setcgram.o_i    romdata   0x001bf3    program   0x000000
      .romdata_setcgram.o    romdata   0x001bf3    program   0x000000
      .idata_setddram.o_i    romdata   0x001bf3    program   0x000000
      .romdata_setddram.o    romdata   0x001bf3    program   0x000000
      .idata_wcmdxlcd.o_i    romdata   0x001bf3    program   0x000000
      .romdata_wcmdxlcd.o    romdata   0x001bf3    program   0x000000
      .idata_writdata.o_i    romdata   0x001bf3    program   0x000000
      .romdata_writdata.o    romdata   0x001bf3    program   0x000000
            .code_c018i.o       code   0x001bf4    program   0x000000
       .code__user_putc.o       code   0x001bf4    program   0x000002
           .code___init.o       code   0x001bf6    program   0x000002
          .idata_main.o_i    romdata   0x001bf8    program   0x000013
    .config_300001_main.o    romdata   0x300001    program   0x000001
    .config_300003_main.o    romdata   0x300003    program   0x000001
    .config_300006_main.o    romdata   0x300006    program   0x000001
                MATH_DATA      udata   0x000000       data   0x000014
                 .tmpdata      udata   0x000014       data   0x000007
                DELAYDAT2      udata   0x00001b       data   0x000001
                DELAYDAT1      udata   0x00001c       data   0x000001
            .udata_main.o      udata   0x000080       data   0x00001c
            .idata_main.o      idata   0x00009c       data   0x000013
           .udata_c018i.o      udata   0x0000af       data   0x00000a
        .udata_writdata.o      udata   0x0000b9       data   0x000000
        .idata_writdata.o      idata   0x0000b9       data   0x000000
          .udata___init.o      udata   0x0000b9       data   0x000000
          .idata___init.o      idata   0x0000b9       data   0x000000
         .udata_sprintf.o      udata   0x0000b9       data   0x000000
         .idata_sprintf.o      idata   0x0000b9       data   0x000000
        .udata_vfprintf.o      udata   0x0000b9       data   0x000000
        .idata_vfprintf.o      idata   0x0000b9       data   0x000000
        .udata_fxd3232u.o      udata   0x0000b9       data   0x000000
        .idata_fxd3232u.o      idata   0x0000b9       data   0x000000
         .udata_fxm3232.o      udata   0x0000b9       data   0x000000
         .idata_fxm3232.o      idata   0x0000b9       data   0x000000
            .udata_putc.o      udata   0x0000b9       data   0x000000
            .idata_putc.o      idata   0x0000b9       data   0x000000
      .udata__user_putc.o      udata   0x0000b9       data   0x000000
      .idata__user_putc.o      idata   0x0000b9       data   0x000000
           .idata_c018i.o      idata   0x0000b9       data   0x000000
        .udata_busyxlcd.o      udata   0x0000b9       data   0x000000
        .idata_busyxlcd.o      idata   0x0000b9       data   0x000000
        .udata_openxlcd.o      udata   0x0000b9       data   0x000000
        .idata_openxlcd.o      idata   0x0000b9       data   0x000000
        .udata_putrxlcd.o      udata   0x0000b9       data   0x000000
        .idata_putrxlcd.o      idata   0x0000b9       data   0x000000
        .udata_putsxlcd.o      udata   0x0000b9       data   0x000000
        .idata_putsxlcd.o      idata   0x0000b9       data   0x000000
        .udata_readaddr.o      udata   0x0000b9       data   0x000000
        .idata_readaddr.o      idata   0x0000b9       data   0x000000
        .udata_readdata.o      udata   0x0000b9       data   0x000000
        .idata_readdata.o      idata   0x0000b9       data   0x000000
        .udata_setcgram.o      udata   0x0000b9       data   0x000000
        .idata_setcgram.o      idata   0x0000b9       data   0x000000
        .udata_setddram.o      udata   0x0000b9       data   0x000000
        .idata_setddram.o      idata   0x0000b9       data   0x000000
        .udata_wcmdxlcd.o      udata   0x0000b9       data   0x000000
        .idata_wcmdxlcd.o      idata   0x0000b9       data   0x000000
                   .stack      udata   0x000400       data   0x000100
            SFR_UNBANKED0      udata   0x000f80       data   0x000080



                              Program Memory Usage 
                               Start         End      
                           ---------   ---------      
                            0x000000    0x001bf2      
                            0x001bf4    0x001c0a      
                            0x300001    0x300001      
                            0x300003    0x300003      
                            0x300006    0x300006      
            7181 out of 33048 program addresses used, program memory utilization is 21%



                              Symbols - Sorted by Name
                     Name    Address   Location    Storage File                     
                ---------  ---------  ---------  --------- ---------                
                 BusyXLCD   0x001acc    program     extern C:\Users\Chan\Desktop\rec\1 NTFS\ECNG3006\TempSensor.X\busyxlcd.c
                   D10K_1   0x001b0e    program     static E:\3.46\pic18-lt\cxx-framework\src\traditional\delays\d10ktcyx.asm
                    D10Kl   0x001b1a    program     static E:\3.46\pic18-lt\cxx-framework\src\traditional\delays\d10ktcyx.asm
                    D10Kx   0x001b0c    program     static E:\3.46\pic18-lt\cxx-framework\src\traditional\delays\d10ktcyx.asm
                    D10_1   0x001bdc    program     static E:\3.46\pic18-lt\cxx-framework\src\traditional\delays\d10tcyx.asm
                     D10x   0x001bd4    program     static E:\3.46\pic18-lt\cxx-framework\src\traditional\delays\d10tcyx.asm
                    D1K_1   0x001b60    program     static E:\3.46\pic18-lt\cxx-framework\src\traditional\delays\d1ktcyx.asm
                     D1Kx   0x001b5e    program     static E:\3.46\pic18-lt\cxx-framework\src\traditional\delays\d1ktcyx.asm
             Delay10KTCYx   0x001b02    program     extern E:\3.46\pic18-lt\cxx-framework\src\traditional\delays\d10ktcyx.asm
              Delay10TCYx   0x001bcc    program     extern E:\3.46\pic18-lt\cxx-framework\src\traditional\delays\d10tcyx.asm
              Delay1KTCYx   0x001b54    program     extern E:\3.46\pic18-lt\cxx-framework\src\traditional\delays\d1ktcyx.asm
            DelayFor18TCY   0x000d98    program     extern C:\Users\Chan\Desktop\rec\1 NTFS\ECNG3006\TempSensor.X\main.c
             DelayPORXLCD   0x000dc0    program     extern C:\Users\Chan\Desktop\rec\1 NTFS\ECNG3006\TempSensor.X\main.c
                DelayXLCD   0x000db4    program     extern C:\Users\Chan\Desktop\rec\1 NTFS\ECNG3006\TempSensor.X\main.c
                    FPA32   0x0010bc    program     extern E:\3.46\pic18-lt\cxx-framework\src\traditional\math\addFP.asm
                    FPM32   0x0011e8    program     extern E:\3.46\pic18-lt\cxx-framework\src\traditional\math\mulFP.asm
                    FPS32   0x0010ba    program     extern E:\3.46\pic18-lt\cxx-framework\src\traditional\math\addFP.asm
                 FXD3232U   0x0019c4    program     extern E:\3.46\pic18-lt\cxx-framework\src\traditional\math\fxd3232u.c
                 FXM1616S   0x00142c    program     extern E:\3.46\pic18-lt\cxx-framework\src\traditional\math\fxm1616s.asm
                  FXM3232   0x001722    program     extern E:\3.46\pic18-lt\cxx-framework\src\traditional\math\fxm3232.c
                  INT3216   0x0012c2    program     extern E:\3.46\pic18-lt\cxx-framework\src\traditional\math\castFP16.asm
                 OpenXLCD   0x001486    program     extern C:\Users\Chan\Desktop\rec\1 NTFS\ECNG3006\TempSensor.X\openxlcd.c
             ReadAddrXLCD   0x001a50    program     extern C:\Users\Chan\Desktop\rec\1 NTFS\ECNG3006\TempSensor.X\readaddr.c
             ReadDataXLCD   0x001a0c    program     extern C:\Users\Chan\Desktop\rec\1 NTFS\ECNG3006\TempSensor.X\readdata.c
             SetCGRamAddr   0x001846    program     extern C:\Users\Chan\Desktop\rec\1 NTFS\ECNG3006\TempSensor.X\setcgram.c
             SetDDRamAddr   0x0017f8    program     extern C:\Users\Chan\Desktop\rec\1 NTFS\ECNG3006\TempSensor.X\setddram.c
               TSIGN1616A   0x001478    program     static E:\3.46\pic18-lt\cxx-framework\src\traditional\math\fxm1616s.asm
             WriteCmdXLCD   0x00192e    program     extern C:\Users\Chan\Desktop\rec\1 NTFS\ECNG3006\TempSensor.X\wcmdxlcd.c
            WriteDataXLCD   0x0018e2    program     extern C:\Users\Chan\Desktop\rec\1 NTFS\ECNG3006\TempSensor.X\writdata.c
                   _2jEnd   0x0017e2    program     static E:\3.46\pic18-lt\cxx-framework\src\traditional\stdclib\slenpgm.asm
       _D10KTCYXCODE_0010   0x001b12    program     static E:\3.46\pic18-lt\cxx-framework\src\traditional\delays\d10ktcyx.asm
       _D10KTCYXCODE_001C   0x001b1e    program     static E:\3.46\pic18-lt\cxx-framework\src\traditional\delays\d10ktcyx.asm
        _D10TCYXCODE_000A   0x001bd6    program     static E:\3.46\pic18-lt\cxx-framework\src\traditional\delays\d10tcyx.asm
        _D10TCYXCODE_000C   0x001bd8    program     static E:\3.46\pic18-lt\cxx-framework\src\traditional\delays\d10tcyx.asm
        _D10TCYXCODE_000E   0x001bda    program     static E:\3.46\pic18-lt\cxx-framework\src\traditional\delays\d10tcyx.asm
        _D1KTCYXCODE_0010   0x001b64    program     static E:\3.46\pic18-lt\cxx-framework\src\traditional\delays\d1ktcyx.asm
        _D1KTCYXCODE_0016   0x001b6a    program     static E:\3.46\pic18-lt\cxx-framework\src\traditional\delays\d1ktcyx.asm
                 __FpExit   0x00132c    program     extern E:\3.46\pic18-lt\cxx-framework\src\traditional\math\packFP.asm
                 __FpPack   0x001358    program     extern E:\3.46\pic18-lt\cxx-framework\src\traditional\math\packFP.asm
            __FpReturnNaN   0x001320    program     extern E:\3.46\pic18-lt\cxx-framework\src\traditional\math\packFP.asm
         __FpReturnNegInf   0x001332    program     extern E:\3.46\pic18-lt\cxx-framework\src\traditional\math\packFP.asm
        __FpReturnNegZero   0x00134a    program     extern E:\3.46\pic18-lt\cxx-framework\src\traditional\math\packFP.asm
         __FpReturnPosInf   0x001338    program     extern E:\3.46\pic18-lt\cxx-framework\src\traditional\math\packFP.asm
        __FpReturnPosZero   0x001352    program     extern E:\3.46\pic18-lt\cxx-framework\src\traditional\math\packFP.asm
        __FpReturnSignInf   0x00132e    program     extern E:\3.46\pic18-lt\cxx-framework\src\traditional\math\packFP.asm
       __FpReturnSignZero   0x001346    program     extern E:\3.46\pic18-lt\cxx-framework\src\traditional\math\packFP.asm
              __FpReturnW   0x0013b0    program     extern E:\3.46\pic18-lt\cxx-framework\src\traditional\math\packFP.asm
              __FpUnPackA   0x0013d0    program     extern E:\3.46\pic18-lt\cxx-framework\src\traditional\math\UnpackFP.asm
              __FpUnPackB   0x001400    program     extern E:\3.46\pic18-lt\cxx-framework\src\traditional\math\UnpackFP.asm
          ___for_lbl00006   0x000d76    program     static                          
          ___for_lbl00007   0x000d7c    program     static                          
          ___for_lbl00008   0x000d1a    program     static                          
       ___return_lbl00000   0x001790    program     static                          
       ___return_lbl00000   0x000004    program     static                          
       ___return_lbl00000   0x001a0a    program     static                          
       ___return_lbl00001   0x001bae    program     static                          
       ___return_lbl00002   0x00169c    program     static                          
       ___return_lbl00005   0x000d80    program     static                          
       ___return_lbl00009   0x000db2    program     static                          
               __config_0   0x300001    program     static C:\Users\Chan\Desktop\rec\1 NTFS\ECNG3006\TempSensor.X\main.c
               __config_1   0x300003    program     static C:\Users\Chan\Desktop\rec\1 NTFS\ECNG3006\TempSensor.X\main.c
               __config_2   0x300006    program     static C:\Users\Chan\Desktop\rec\1 NTFS\ECNG3006\TempSensor.X\main.c
                   __init   0x001bf6    program     extern E:\3.46\pic18-lt\cxx-framework\src\traditional\stdclib\__init.c
                   __pa_0   0x000954    program     static E:\3.46\pic18-lt\cxx-framework\src\traditional\stdclib\vfprintf.c
                   __pa_1   0x00095c    program     static E:\3.46\pic18-lt\cxx-framework\src\traditional\stdclib\vfprintf.c
                  __pa_10   0x000a10    program     static E:\3.46\pic18-lt\cxx-framework\src\traditional\stdclib\vfprintf.c
                  __pa_11   0x000a1e    program     static E:\3.46\pic18-lt\cxx-framework\src\traditional\stdclib\vfprintf.c
                  __pa_12   0x000a34    program     static E:\3.46\pic18-lt\cxx-framework\src\traditional\stdclib\vfprintf.c
                  __pa_13   0x000a4e    program     static E:\3.46\pic18-lt\cxx-framework\src\traditional\stdclib\vfprintf.c
                  __pa_14   0x000a66    program     static E:\3.46\pic18-lt\cxx-framework\src\traditional\stdclib\vfprintf.c
                  __pa_15   0x000a76    program     static E:\3.46\pic18-lt\cxx-framework\src\traditional\stdclib\vfprintf.c
                  __pa_16   0x000a8c    program     static E:\3.46\pic18-lt\cxx-framework\src\traditional\stdclib\vfprintf.c
                  __pa_17   0x000a9e    program     static E:\3.46\pic18-lt\cxx-framework\src\traditional\stdclib\vfprintf.c
                  __pa_18   0x000ab0    program     static E:\3.46\pic18-lt\cxx-framework\src\traditional\stdclib\vfprintf.c
                  __pa_19   0x000aba    program     static E:\3.46\pic18-lt\cxx-framework\src\traditional\stdclib\vfprintf.c
                   __pa_2   0x000966    program     static E:\3.46\pic18-lt\cxx-framework\src\traditional\stdclib\vfprintf.c
                  __pa_20   0x000aca    program     static E:\3.46\pic18-lt\cxx-framework\src\traditional\stdclib\vfprintf.c
                  __pa_21   0x000ada    program     static E:\3.46\pic18-lt\cxx-framework\src\traditional\stdclib\vfprintf.c
                  __pa_22   0x000aea    program     static E:\3.46\pic18-lt\cxx-framework\src\traditional\stdclib\vfprintf.c
                  __pa_23   0x000af6    program     static E:\3.46\pic18-lt\cxx-framework\src\traditional\stdclib\vfprintf.c
                  __pa_24   0x000b04    program     static E:\3.46\pic18-lt\cxx-framework\src\traditional\stdclib\vfprintf.c
                  __pa_25   0x000b0c    program     static E:\3.46\pic18-lt\cxx-framework\src\traditional\stdclib\vfprintf.c
                  __pa_26   0x000b16    program     static E:\3.46\pic18-lt\cxx-framework\src\traditional\stdclib\vfprintf.c
                  __pa_27   0x000b20    program     static E:\3.46\pic18-lt\cxx-framework\src\traditional\stdclib\vfprintf.c
                  __pa_28   0x000b28    program     static E:\3.46\pic18-lt\cxx-framework\src\traditional\stdclib\vfprintf.c
                  __pa_29   0x000b36    program     static E:\3.46\pic18-lt\cxx-framework\src\traditional\stdclib\vfprintf.c
                   __pa_3   0x000970    program     static E:\3.46\pic18-lt\cxx-framework\src\traditional\stdclib\vfprintf.c
                  __pa_30   0x000b52    program     static E:\3.46\pic18-lt\cxx-framework\src\traditional\stdclib\vfprintf.c
                  __pa_31   0x000b6c    program     static E:\3.46\pic18-lt\cxx-framework\src\traditional\stdclib\vfprintf.c
                  __pa_32   0x000b86    program     static E:\3.46\pic18-lt\cxx-framework\src\traditional\stdclib\vfprintf.c
                  __pa_33   0x000b9e    program     static E:\3.46\pic18-lt\cxx-framework\src\traditional\stdclib\vfprintf.c
                  __pa_34   0x000ba8    program     static E:\3.46\pic18-lt\cxx-framework\src\traditional\stdclib\vfprintf.c
                  __pa_35   0x000bb6    program     static E:\3.46\pic18-lt\cxx-framework\src\traditional\stdclib\vfprintf.c
                  __pa_36   0x000bbe    program     static E:\3.46\pic18-lt\cxx-framework\src\traditional\stdclib\vfprintf.c
                  __pa_37   0x000bc8    program     static E:\3.46\pic18-lt\cxx-framework\src\traditional\stdclib\vfprintf.c
                  __pa_38   0x000bd8    program     static E:\3.46\pic18-lt\cxx-framework\src\traditional\stdclib\vfprintf.c
                  __pa_39   0x000be6    program     static E:\3.46\pic18-lt\cxx-framework\src\traditional\stdclib\vfprintf.c
                   __pa_4   0x000988    program     static E:\3.46\pic18-lt\cxx-framework\src\traditional\stdclib\vfprintf.c
                  __pa_40   0x000bf2    program     static E:\3.46\pic18-lt\cxx-framework\src\traditional\stdclib\vfprintf.c
                  __pa_41   0x000bfe    program     static E:\3.46\pic18-lt\cxx-framework\src\traditional\stdclib\vfprintf.c
                  __pa_42   0x000c06    program     static E:\3.46\pic18-lt\cxx-framework\src\traditional\stdclib\vfprintf.c
                  __pa_43   0x000c10    program     static E:\3.46\pic18-lt\cxx-framework\src\traditional\stdclib\vfprintf.c
                  __pa_44   0x000c16    program     static E:\3.46\pic18-lt\cxx-framework\src\traditional\stdclib\vfprintf.c
                  __pa_45   0x000c20    program     static E:\3.46\pic18-lt\cxx-framework\src\traditional\stdclib\vfprintf.c
                  __pa_46   0x000c2c    program     static E:\3.46\pic18-lt\cxx-framework\src\traditional\stdclib\vfprintf.c
                   __pa_5   0x00099c    program     static E:\3.46\pic18-lt\cxx-framework\src\traditional\stdclib\vfprintf.c
                   __pa_6   0x0009b8    program     static E:\3.46\pic18-lt\cxx-framework\src\traditional\stdclib\vfprintf.c
                   __pa_7   0x0009c2    program     static E:\3.46\pic18-lt\cxx-framework\src\traditional\stdclib\vfprintf.c
                   __pa_8   0x0009ce    program     static E:\3.46\pic18-lt\cxx-framework\src\traditional\stdclib\vfprintf.c
                   __pa_9   0x0009f0    program     static E:\3.46\pic18-lt\cxx-framework\src\traditional\stdclib\vfprintf.c
               __string_0   0x001aba    program     static C:\Users\Chan\Desktop\rec\1 NTFS\ECNG3006\TempSensor.X\main.c
               __string_1   0x001aa8    program     static C:\Users\Chan\Desktop\rec\1 NTFS\ECNG3006\TempSensor.X\main.c
               __string_2   0x001a94    program     static C:\Users\Chan\Desktop\rec\1 NTFS\ECNG3006\TempSensor.X\main.c
               __tmplbl_1   0x000d2e    program     static                          
              __tmplbl_42   0x000aea    program     static                          
              __tmplbl_43   0x000932    program     static                          
              __tmplbl_44   0x000918    program     static                          
              __tmplbl_85   0x00006a    program     static                          
            __zero_memory   0x001b74    program     extern E:\3.46\pic18-lt\cxx-framework\src\traditional\proc\p18f452.asm
                _do_cinit   0x001600    program     extern E:\3.46\pic18-lt\cxx-framework\src\traditional\startup\c018i.c
                   _entry   0x000000    program     extern E:\3.46\pic18-lt\cxx-framework\src\traditional\startup\c018i.c
                   _false   0x001a06    program     static                          
                 _startup   0x001b94    program     extern E:\3.46\pic18-lt\cxx-framework\src\traditional\startup\c018i.c
              _usart_putc   0x001bb0    program     extern E:\3.46\pic18-lt\cxx-framework\src\pmc_common\USART\_usartpc.asm
               _user_putc   0x001bf4    program     extern E:\3.46\pic18-lt\cxx-framework\src\traditional\stdclib\_user_putc.c
                compare_l   0x001b8a    program     static E:\3.46\pic18-lt\cxx-framework\src\traditional\proc\p18f452.asm
                copy_loop   0x001672    program     static                          
            copy_one_byte   0x001678    program     static                          
                     done   0x00169c    program     static                          
             done_copying   0x001686    program     static                          
                 init_LCD   0x000dcc    program     extern C:\Users\Chan\Desktop\rec\1 NTFS\ECNG3006\TempSensor.X\main.c
                  isdigit   0x001b30    program     extern E:\3.46\pic18-lt\cxx-framework\src\traditional\stdclib\isdigit.asm
                 jANotInf   0x001206    program     static E:\3.46\pic18-lt\cxx-framework\src\traditional\math\mulFP.asm
                 jANotInf   0x0010e4    program     static E:\3.46\pic18-lt\cxx-framework\src\traditional\math\addFP.asm
                 jANotNeg   0x001178    program     static E:\3.46\pic18-lt\cxx-framework\src\traditional\math\addFP.asm
              jAandWsetup   0x001148    program     static E:\3.46\pic18-lt\cxx-framework\src\traditional\math\addFP.asm
                 jAltBexp   0x001136    program     static E:\3.46\pic18-lt\cxx-framework\src\traditional\math\addFP.asm
                jBANotInf   0x0010da    program     static E:\3.46\pic18-lt\cxx-framework\src\traditional\math\addFP.asm
                 jBNotInf   0x0010f2    program     static E:\3.46\pic18-lt\cxx-framework\src\traditional\math\addFP.asm
              jBothFinite   0x001214    program     static E:\3.46\pic18-lt\cxx-framework\src\traditional\math\mulFP.asm
             jBothNotZero   0x001220    program     static E:\3.46\pic18-lt\cxx-framework\src\traditional\math\mulFP.asm
            jDifOrPosSign   0x001106    program     static E:\3.46\pic18-lt\cxx-framework\src\traditional\math\addFP.asm
                     jEnd   0x0017ac    program     static E:\3.46\pic18-lt\cxx-framework\src\traditional\stdclib\strlen.asm
                     jEnd   0x0017e4    program     static E:\3.46\pic18-lt\cxx-framework\src\traditional\stdclib\slenpgm.asm
                    jExit   0x00131e    program     static E:\3.46\pic18-lt\cxx-framework\src\traditional\math\castFP16.asm
               jFinalSign   0x0011e0    program     static E:\3.46\pic18-lt\cxx-framework\src\traditional\math\addFP.asm
                jHaveZero   0x00121c    program     static E:\3.46\pic18-lt\cxx-framework\src\traditional\math\mulFP.asm
                    jLoop   0x0017cc    program     static E:\3.46\pic18-lt\cxx-framework\src\traditional\stdclib\slenpgm.asm
                    jLoop   0x0017a2    program     static E:\3.46\pic18-lt\cxx-framework\src\traditional\stdclib\strlen.asm
                    jLoop   0x0012fe    program     static E:\3.46\pic18-lt\cxx-framework\src\traditional\math\castFP16.asm
                jLoopExit   0x00130e    program     static E:\3.46\pic18-lt\cxx-framework\src\traditional\math\castFP16.asm
                   jMatch   0x001b50    program     static E:\3.46\pic18-lt\cxx-framework\src\traditional\stdclib\isdigit.asm
                     jMax   0x0012d2    program     static E:\3.46\pic18-lt\cxx-framework\src\traditional\math\castFP16.asm
                  jMaxNeg   0x0012e0    program     static E:\3.46\pic18-lt\cxx-framework\src\traditional\math\castFP16.asm
                  jMaxPos   0x0012d6    program     static E:\3.46\pic18-lt\cxx-framework\src\traditional\math\castFP16.asm
                 jNoMatch   0x001b52    program     static E:\3.46\pic18-lt\cxx-framework\src\traditional\stdclib\isdigit.asm
             jNotBothZero   0x00110a    program     static E:\3.46\pic18-lt\cxx-framework\src\traditional\math\addFP.asm
                  jNotInf   0x0012ee    program     static E:\3.46\pic18-lt\cxx-framework\src\traditional\math\castFP16.asm
                  jPkLoop   0x001366    program     static E:\3.46\pic18-lt\cxx-framework\src\traditional\math\packFP.asm
             jPkRoundDone   0x0013b0    program     static E:\3.46\pic18-lt\cxx-framework\src\traditional\math\packFP.asm
               jPkRoundIt   0x001398    program     static E:\3.46\pic18-lt\cxx-framework\src\traditional\math\packFP.asm
             jPkShiftDone   0x001382    program     static E:\3.46\pic18-lt\cxx-framework\src\traditional\math\packFP.asm
           jReturnPosInf0   0x00133c    program     static E:\3.46\pic18-lt\cxx-framework\src\traditional\math\packFP.asm
               jShiftDone   0x0011a0    program     static E:\3.46\pic18-lt\cxx-framework\src\traditional\math\addFP.asm
               jShiftLoop   0x001192    program     static E:\3.46\pic18-lt\cxx-framework\src\traditional\math\addFP.asm
                jSignDone   0x0011d0    program     static E:\3.46\pic18-lt\cxx-framework\src\traditional\math\addFP.asm
                  jUnpkA1   0x0013da    program     static E:\3.46\pic18-lt\cxx-framework\src\traditional\math\UnpackFP.asm
                  jUnpkA2   0x0013f2    program     static E:\3.46\pic18-lt\cxx-framework\src\traditional\math\UnpackFP.asm
                 jUnpkANZ   0x0013e8    program     static E:\3.46\pic18-lt\cxx-framework\src\traditional\math\UnpackFP.asm
                  jUnpkB1   0x00140a    program     static E:\3.46\pic18-lt\cxx-framework\src\traditional\math\UnpackFP.asm
                  jUnpkB2   0x001422    program     static E:\3.46\pic18-lt\cxx-framework\src\traditional\math\UnpackFP.asm
                 jUnpkBNZ   0x001418    program     static E:\3.46\pic18-lt\cxx-framework\src\traditional\math\UnpackFP.asm
                 jUnpkNaN   0x0013fc    program     static E:\3.46\pic18-lt\cxx-framework\src\traditional\math\UnpackFP.asm
                 jWNotNeg   0x00118c    program     static E:\3.46\pic18-lt\cxx-framework\src\traditional\math\addFP.asm
                    jZero   0x0012e8    program     static E:\3.46\pic18-lt\cxx-framework\src\traditional\math\castFP16.asm
               jZero1and2   0x001340    program     static E:\3.46\pic18-lt\cxx-framework\src\traditional\math\packFP.asm
                     loop   0x0019d2    program     static                          
                     loop   0x001bc0    program     static E:\3.46\pic18-lt\cxx-framework\src\pmc_common\USART\_usartpc.asm
                     loop   0x001ba4    program     static                          
                   loop_h   0x001b82    program     static E:\3.46\pic18-lt\cxx-framework\src\traditional\proc\p18f452.asm
                   loop_l   0x001b8c    program     static E:\3.46\pic18-lt\cxx-framework\src\traditional\proc\p18f452.asm
                     main   0x000e10    program     extern C:\Users\Chan\Desktop\rec\1 NTFS\ECNG3006\TempSensor.X\main.c
             ow_read_byte   0x000d08    program     extern C:\Users\Chan\Desktop\rec\1 NTFS\ECNG3006\TempSensor.X\ow.h
                 ow_reset   0x000c36    program     extern C:\Users\Chan\Desktop\rec\1 NTFS\ECNG3006\TempSensor.X\ow.h
            ow_write_byte   0x000c96    program     extern C:\Users\Chan\Desktop\rec\1 NTFS\ECNG3006\TempSensor.X\ow.h
                     putc   0x00169e    program     extern E:\3.46\pic18-lt\cxx-framework\src\traditional\stdclib\putc.c
                putrsXLCD   0x001894    program     extern C:\Users\Chan\Desktop\rec\1 NTFS\ECNG3006\TempSensor.X\putrxlcd.c
                 putsXLCD   0x00197a    program     extern C:\Users\Chan\Desktop\rec\1 NTFS\ECNG3006\TempSensor.X\putsxlcd.c
                 s_digits   0x001be2    program     static E:\3.46\pic18-lt\cxx-framework\src\traditional\stdclib\vfprintf.c
            s_put_n_chars   0x000014    program     static E:\3.46\pic18-lt\cxx-framework\src\traditional\stdclib\vfprintf.c
                  sprintf   0x001554    program     extern E:\3.46\pic18-lt\cxx-framework\src\traditional\stdclib\sprintf.c
                   strlen   0x001792    program     extern E:\3.46\pic18-lt\cxx-framework\src\traditional\stdclib\strlen.asm
                strlenpgm   0x0017ae    program     extern E:\3.46\pic18-lt\cxx-framework\src\traditional\stdclib\slenpgm.asm
                     test   0x00161a    program     static                          
                 vfprintf   0x000040    program     extern E:\3.46\pic18-lt\cxx-framework\src\traditional\stdclib\vfprintf.c
               zero_block   0x001b82    program     static E:\3.46\pic18-lt\cxx-framework\src\traditional\proc\p18f452.asm
                   ADCON0   0x000fc2       data     extern E:\3.46\pic18-lt\cxx-framework\src\traditional\proc\p18f452.asm
               ADCON0bits   0x000fc2       data     extern E:\3.46\pic18-lt\cxx-framework\src\traditional\proc\p18f452.asm
                   ADCON1   0x000fc1       data     extern E:\3.46\pic18-lt\cxx-framework\src\traditional\proc\p18f452.asm
               ADCON1bits   0x000fc1       data     extern E:\3.46\pic18-lt\cxx-framework\src\traditional\proc\p18f452.asm
                    ADRES   0x000fc3       data     extern E:\3.46\pic18-lt\cxx-framework\src\traditional\proc\p18f452.asm
                   ADRESH   0x000fc4       data     extern E:\3.46\pic18-lt\cxx-framework\src\traditional\proc\p18f452.asm
                   ADRESL   0x000fc3       data     extern E:\3.46\pic18-lt\cxx-framework\src\traditional\proc\p18f452.asm
                      BSR   0x000fe0       data     extern E:\3.46\pic18-lt\cxx-framework\src\traditional\proc\p18f452.asm
                  CCP1CON   0x000fbd       data     extern E:\3.46\pic18-lt\cxx-framework\src\traditional\proc\p18f452.asm
              CCP1CONbits   0x000fbd       data     extern E:\3.46\pic18-lt\cxx-framework\src\traditional\proc\p18f452.asm
                  CCP2CON   0x000fba       data     extern E:\3.46\pic18-lt\cxx-framework\src\traditional\proc\p18f452.asm
              CCP2CONbits   0x000fba       data     extern E:\3.46\pic18-lt\cxx-framework\src\traditional\proc\p18f452.asm
                    CCPR1   0x000fbe       data     extern E:\3.46\pic18-lt\cxx-framework\src\traditional\proc\p18f452.asm
                   CCPR1H   0x000fbf       data     extern E:\3.46\pic18-lt\cxx-framework\src\traditional\proc\p18f452.asm
                   CCPR1L   0x000fbe       data     extern E:\3.46\pic18-lt\cxx-framework\src\traditional\proc\p18f452.asm
                    CCPR2   0x000fbb       data     extern E:\3.46\pic18-lt\cxx-framework\src\traditional\proc\p18f452.asm
                   CCPR2H   0x000fbc       data     extern E:\3.46\pic18-lt\cxx-framework\src\traditional\proc\p18f452.asm
                   CCPR2L   0x000fbb       data     extern E:\3.46\pic18-lt\cxx-framework\src\traditional\proc\p18f452.asm
                     DDRA   0x000f92       data     extern E:\3.46\pic18-lt\cxx-framework\src\traditional\proc\p18f452.asm
                 DDRAbits   0x000f92       data     extern E:\3.46\pic18-lt\cxx-framework\src\traditional\proc\p18f452.asm
                     DDRB   0x000f93       data     extern E:\3.46\pic18-lt\cxx-framework\src\traditional\proc\p18f452.asm
                 DDRBbits   0x000f93       data     extern E:\3.46\pic18-lt\cxx-framework\src\traditional\proc\p18f452.asm
                     DDRC   0x000f94       data     extern E:\3.46\pic18-lt\cxx-framework\src\traditional\proc\p18f452.asm
                 DDRCbits   0x000f94       data     extern E:\3.46\pic18-lt\cxx-framework\src\traditional\proc\p18f452.asm
                     DDRD   0x000f95       data     extern E:\3.46\pic18-lt\cxx-framework\src\traditional\proc\p18f452.asm
                 DDRDbits   0x000f95       data     extern E:\3.46\pic18-lt\cxx-framework\src\traditional\proc\p18f452.asm
                     DDRE   0x000f96       data     extern E:\3.46\pic18-lt\cxx-framework\src\traditional\proc\p18f452.asm
                 DDREbits   0x000f96       data     extern E:\3.46\pic18-lt\cxx-framework\src\traditional\proc\p18f452.asm
            DelayCounter1   0x00001c       data     extern E:\3.46\pic18-lt\cxx-framework\src\traditional\delays\delayd1.asm
            DelayCounter2   0x00001b       data     extern E:\3.46\pic18-lt\cxx-framework\src\traditional\delays\delayd2.asm
                    EEADR   0x000fa9       data     extern E:\3.46\pic18-lt\cxx-framework\src\traditional\proc\p18f452.asm
                   EECON1   0x000fa6       data     extern E:\3.46\pic18-lt\cxx-framework\src\traditional\proc\p18f452.asm
               EECON1bits   0x000fa6       data     extern E:\3.46\pic18-lt\cxx-framework\src\traditional\proc\p18f452.asm
                   EECON2   0x000fa7       data     extern E:\3.46\pic18-lt\cxx-framework\src\traditional\proc\p18f452.asm
                   EEDATA   0x000fa8       data     extern E:\3.46\pic18-lt\cxx-framework\src\traditional\proc\p18f452.asm
                     FSR0   0x000fe9       data     extern E:\3.46\pic18-lt\cxx-framework\src\traditional\proc\p18f452.asm
                    FSR0H   0x000fea       data     extern E:\3.46\pic18-lt\cxx-framework\src\traditional\proc\p18f452.asm
                    FSR0L   0x000fe9       data     extern E:\3.46\pic18-lt\cxx-framework\src\traditional\proc\p18f452.asm
                     FSR1   0x000fe1       data     extern E:\3.46\pic18-lt\cxx-framework\src\traditional\proc\p18f452.asm
                    FSR1H   0x000fe2       data     extern E:\3.46\pic18-lt\cxx-framework\src\traditional\proc\p18f452.asm
                    FSR1L   0x000fe1       data     extern E:\3.46\pic18-lt\cxx-framework\src\traditional\proc\p18f452.asm
                     FSR2   0x000fd9       data     extern E:\3.46\pic18-lt\cxx-framework\src\traditional\proc\p18f452.asm
                    FSR2H   0x000fda       data     extern E:\3.46\pic18-lt\cxx-framework\src\traditional\proc\p18f452.asm
                    FSR2L   0x000fd9       data     extern E:\3.46\pic18-lt\cxx-framework\src\traditional\proc\p18f452.asm
                    INDF0   0x000fef       data     extern E:\3.46\pic18-lt\cxx-framework\src\traditional\proc\p18f452.asm
                    INDF1   0x000fe7       data     extern E:\3.46\pic18-lt\cxx-framework\src\traditional\proc\p18f452.asm
                    INDF2   0x000fdf       data     extern E:\3.46\pic18-lt\cxx-framework\src\traditional\proc\p18f452.asm
                   INTCON   0x000ff2       data     extern E:\3.46\pic18-lt\cxx-framework\src\traditional\proc\p18f452.asm
                  INTCON1   0x000ff2       data     extern E:\3.46\pic18-lt\cxx-framework\src\traditional\proc\p18f452.asm
              INTCON1bits   0x000ff2       data     extern E:\3.46\pic18-lt\cxx-framework\src\traditional\proc\p18f452.asm
                  INTCON2   0x000ff1       data     extern E:\3.46\pic18-lt\cxx-framework\src\traditional\proc\p18f452.asm
              INTCON2bits   0x000ff1       data     extern E:\3.46\pic18-lt\cxx-framework\src\traditional\proc\p18f452.asm
                  INTCON3   0x000ff0       data     extern E:\3.46\pic18-lt\cxx-framework\src\traditional\proc\p18f452.asm
              INTCON3bits   0x000ff0       data     extern E:\3.46\pic18-lt\cxx-framework\src\traditional\proc\p18f452.asm
               INTCONbits   0x000ff2       data     extern E:\3.46\pic18-lt\cxx-framework\src\traditional\proc\p18f452.asm
                     IPR1   0x000f9f       data     extern E:\3.46\pic18-lt\cxx-framework\src\traditional\proc\p18f452.asm
                 IPR1bits   0x000f9f       data     extern E:\3.46\pic18-lt\cxx-framework\src\traditional\proc\p18f452.asm
                     IPR2   0x000fa2       data     extern E:\3.46\pic18-lt\cxx-framework\src\traditional\proc\p18f452.asm
                 IPR2bits   0x000fa2       data     extern E:\3.46\pic18-lt\cxx-framework\src\traditional\proc\p18f452.asm
                     LATA   0x000f89       data     extern E:\3.46\pic18-lt\cxx-framework\src\traditional\proc\p18f452.asm
                 LATAbits   0x000f89       data     extern E:\3.46\pic18-lt\cxx-framework\src\traditional\proc\p18f452.asm
                     LATB   0x000f8a       data     extern E:\3.46\pic18-lt\cxx-framework\src\traditional\proc\p18f452.asm
                 LATBbits   0x000f8a       data     extern E:\3.46\pic18-lt\cxx-framework\src\traditional\proc\p18f452.asm
                     LATC   0x000f8b       data     extern E:\3.46\pic18-lt\cxx-framework\src\traditional\proc\p18f452.asm
                 LATCbits   0x000f8b       data     extern E:\3.46\pic18-lt\cxx-framework\src\traditional\proc\p18f452.asm
                     LATD   0x000f8c       data     extern E:\3.46\pic18-lt\cxx-framework\src\traditional\proc\p18f452.asm
                 LATDbits   0x000f8c       data     extern E:\3.46\pic18-lt\cxx-framework\src\traditional\proc\p18f452.asm
                     LATE   0x000f8d       data     extern E:\3.46\pic18-lt\cxx-framework\src\traditional\proc\p18f452.asm
                 LATEbits   0x000f8d       data     extern E:\3.46\pic18-lt\cxx-framework\src\traditional\proc\p18f452.asm
             LSBTemporary   0x0000a0       data     extern C:\Users\Chan\Desktop\rec\1 NTFS\ECNG3006\TempSensor.X\main.c
                   LVDCON   0x000fd2       data     extern E:\3.46\pic18-lt\cxx-framework\src\traditional\proc\p18f452.asm
               LVDCONbits   0x000fd2       data     extern E:\3.46\pic18-lt\cxx-framework\src\traditional\proc\p18f452.asm
             MSBTemporary   0x00009e       data     extern C:\Users\Chan\Desktop\rec\1 NTFS\ECNG3006\TempSensor.X\main.c
                   OSCCON   0x000fd3       data     extern E:\3.46\pic18-lt\cxx-framework\src\traditional\proc\p18f452.asm
               OSCCONbits   0x000fd3       data     extern E:\3.46\pic18-lt\cxx-framework\src\traditional\proc\p18f452.asm
                       PC   0x000ff9       data     extern E:\3.46\pic18-lt\cxx-framework\src\traditional\proc\p18f452.asm
                      PCL   0x000ff9       data     extern E:\3.46\pic18-lt\cxx-framework\src\traditional\proc\p18f452.asm
                   PCLATH   0x000ffa       data     extern E:\3.46\pic18-lt\cxx-framework\src\traditional\proc\p18f452.asm
                   PCLATU   0x000ffb       data     extern E:\3.46\pic18-lt\cxx-framework\src\traditional\proc\p18f452.asm
                     PIE1   0x000f9d       data     extern E:\3.46\pic18-lt\cxx-framework\src\traditional\proc\p18f452.asm
                 PIE1bits   0x000f9d       data     extern E:\3.46\pic18-lt\cxx-framework\src\traditional\proc\p18f452.asm
                     PIE2   0x000fa0       data     extern E:\3.46\pic18-lt\cxx-framework\src\traditional\proc\p18f452.asm
                 PIE2bits   0x000fa0       data     extern E:\3.46\pic18-lt\cxx-framework\src\traditional\proc\p18f452.asm
                     PIR1   0x000f9e       data     extern E:\3.46\pic18-lt\cxx-framework\src\traditional\proc\p18f452.asm
                 PIR1bits   0x000f9e       data     extern E:\3.46\pic18-lt\cxx-framework\src\traditional\proc\p18f452.asm
                     PIR2   0x000fa1       data     extern E:\3.46\pic18-lt\cxx-framework\src\traditional\proc\p18f452.asm
                 PIR2bits   0x000fa1       data     extern E:\3.46\pic18-lt\cxx-framework\src\traditional\proc\p18f452.asm
                   PLUSW0   0x000feb       data     extern E:\3.46\pic18-lt\cxx-framework\src\traditional\proc\p18f452.asm
                   PLUSW1   0x000fe3       data     extern E:\3.46\pic18-lt\cxx-framework\src\traditional\proc\p18f452.asm
                   PLUSW2   0x000fdb       data     extern E:\3.46\pic18-lt\cxx-framework\src\traditional\proc\p18f452.asm
                    PORTA   0x000f80       data     extern E:\3.46\pic18-lt\cxx-framework\src\traditional\proc\p18f452.asm
                PORTAbits   0x000f80       data     extern E:\3.46\pic18-lt\cxx-framework\src\traditional\proc\p18f452.asm
                    PORTB   0x000f81       data     extern E:\3.46\pic18-lt\cxx-framework\src\traditional\proc\p18f452.asm
                PORTBbits   0x000f81       data     extern E:\3.46\pic18-lt\cxx-framework\src\traditional\proc\p18f452.asm
                    PORTC   0x000f82       data     extern E:\3.46\pic18-lt\cxx-framework\src\traditional\proc\p18f452.asm
                PORTCbits   0x000f82       data     extern E:\3.46\pic18-lt\cxx-framework\src\traditional\proc\p18f452.asm
                    PORTD   0x000f83       data     extern E:\3.46\pic18-lt\cxx-framework\src\traditional\proc\p18f452.asm
                PORTDbits   0x000f83       data     extern E:\3.46\pic18-lt\cxx-framework\src\traditional\proc\p18f452.asm
                    PORTE   0x000f84       data     extern E:\3.46\pic18-lt\cxx-framework\src\traditional\proc\p18f452.asm
                PORTEbits   0x000f84       data     extern E:\3.46\pic18-lt\cxx-framework\src\traditional\proc\p18f452.asm
                 POSTDEC0   0x000fed       data     extern E:\3.46\pic18-lt\cxx-framework\src\traditional\proc\p18f452.asm
                 POSTDEC1   0x000fe5       data     extern E:\3.46\pic18-lt\cxx-framework\src\traditional\proc\p18f452.asm
                 POSTDEC2   0x000fdd       data     extern E:\3.46\pic18-lt\cxx-framework\src\traditional\proc\p18f452.asm
                 POSTINC0   0x000fee       data     extern E:\3.46\pic18-lt\cxx-framework\src\traditional\proc\p18f452.asm
                 POSTINC1   0x000fe6       data     extern E:\3.46\pic18-lt\cxx-framework\src\traditional\proc\p18f452.asm
                 POSTINC2   0x000fde       data     extern E:\3.46\pic18-lt\cxx-framework\src\traditional\proc\p18f452.asm
                      PR2   0x000fcb       data     extern E:\3.46\pic18-lt\cxx-framework\src\traditional\proc\p18f452.asm
                  PREINC0   0x000fec       data     extern E:\3.46\pic18-lt\cxx-framework\src\traditional\proc\p18f452.asm
                  PREINC1   0x000fe4       data     extern E:\3.46\pic18-lt\cxx-framework\src\traditional\proc\p18f452.asm
                  PREINC2   0x000fdc       data     extern E:\3.46\pic18-lt\cxx-framework\src\traditional\proc\p18f452.asm
                     PROD   0x000ff3       data     extern E:\3.46\pic18-lt\cxx-framework\src\traditional\proc\p18f452.asm
                    PRODH   0x000ff4       data     extern E:\3.46\pic18-lt\cxx-framework\src\traditional\proc\p18f452.asm
                    PRODL   0x000ff3       data     extern E:\3.46\pic18-lt\cxx-framework\src\traditional\proc\p18f452.asm
                     RCON   0x000fd0       data     extern E:\3.46\pic18-lt\cxx-framework\src\traditional\proc\p18f452.asm
                 RCONbits   0x000fd0       data     extern E:\3.46\pic18-lt\cxx-framework\src\traditional\proc\p18f452.asm
                    RCREG   0x000fae       data     extern E:\3.46\pic18-lt\cxx-framework\src\traditional\proc\p18f452.asm
                    RCSTA   0x000fab       data     extern E:\3.46\pic18-lt\cxx-framework\src\traditional\proc\p18f452.asm
                RCSTAbits   0x000fab       data     extern E:\3.46\pic18-lt\cxx-framework\src\traditional\proc\p18f452.asm
                     SIGN   0x00000e       data     extern E:\3.46\pic18-lt\cxx-framework\src\traditional\math\cmath18.asm
                    SPBRG   0x000faf       data     extern E:\3.46\pic18-lt\cxx-framework\src\traditional\proc\p18f452.asm
                   SSPADD   0x000fc8       data     extern E:\3.46\pic18-lt\cxx-framework\src\traditional\proc\p18f452.asm
                   SSPBUF   0x000fc9       data     extern E:\3.46\pic18-lt\cxx-framework\src\traditional\proc\p18f452.asm
                  SSPCON1   0x000fc6       data     extern E:\3.46\pic18-lt\cxx-framework\src\traditional\proc\p18f452.asm
              SSPCON1bits   0x000fc6       data     extern E:\3.46\pic18-lt\cxx-framework\src\traditional\proc\p18f452.asm
                  SSPCON2   0x000fc5       data     extern E:\3.46\pic18-lt\cxx-framework\src\traditional\proc\p18f452.asm
              SSPCON2bits   0x000fc5       data     extern E:\3.46\pic18-lt\cxx-framework\src\traditional\proc\p18f452.asm
                  SSPSTAT   0x000fc7       data     extern E:\3.46\pic18-lt\cxx-framework\src\traditional\proc\p18f452.asm
              SSPSTATbits   0x000fc7       data     extern E:\3.46\pic18-lt\cxx-framework\src\traditional\proc\p18f452.asm
                   STATUS   0x000fd8       data     extern E:\3.46\pic18-lt\cxx-framework\src\traditional\proc\p18f452.asm
               STATUSbits   0x000fd8       data     extern E:\3.46\pic18-lt\cxx-framework\src\traditional\proc\p18f452.asm
                   STKPTR   0x000ffc       data     extern E:\3.46\pic18-lt\cxx-framework\src\traditional\proc\p18f452.asm
               STKPTRbits   0x000ffc       data     extern E:\3.46\pic18-lt\cxx-framework\src\traditional\proc\p18f452.asm
                    T0CON   0x000fd5       data     extern E:\3.46\pic18-lt\cxx-framework\src\traditional\proc\p18f452.asm
                T0CONbits   0x000fd5       data     extern E:\3.46\pic18-lt\cxx-framework\src\traditional\proc\p18f452.asm
                    T1CON   0x000fcd       data     extern E:\3.46\pic18-lt\cxx-framework\src\traditional\proc\p18f452.asm
                T1CONbits   0x000fcd       data     extern E:\3.46\pic18-lt\cxx-framework\src\traditional\proc\p18f452.asm
                    T2CON   0x000fca       data     extern E:\3.46\pic18-lt\cxx-framework\src\traditional\proc\p18f452.asm
                T2CONbits   0x000fca       data     extern E:\3.46\pic18-lt\cxx-framework\src\traditional\proc\p18f452.asm
                    T3CON   0x000fb1       data     extern E:\3.46\pic18-lt\cxx-framework\src\traditional\proc\p18f452.asm
                T3CONbits   0x000fb1       data     extern E:\3.46\pic18-lt\cxx-framework\src\traditional\proc\p18f452.asm
                   TABLAT   0x000ff5       data     extern E:\3.46\pic18-lt\cxx-framework\src\traditional\proc\p18f452.asm
                   TBLPTR   0x000ff6       data     extern E:\3.46\pic18-lt\cxx-framework\src\traditional\proc\p18f452.asm
                  TBLPTRH   0x000ff7       data     extern E:\3.46\pic18-lt\cxx-framework\src\traditional\proc\p18f452.asm
                  TBLPTRL   0x000ff6       data     extern E:\3.46\pic18-lt\cxx-framework\src\traditional\proc\p18f452.asm
                  TBLPTRU   0x000ff8       data     extern E:\3.46\pic18-lt\cxx-framework\src\traditional\proc\p18f452.asm
                    TMR0H   0x000fd7       data     extern E:\3.46\pic18-lt\cxx-framework\src\traditional\proc\p18f452.asm
                    TMR0L   0x000fd6       data     extern E:\3.46\pic18-lt\cxx-framework\src\traditional\proc\p18f452.asm
                    TMR1H   0x000fcf       data     extern E:\3.46\pic18-lt\cxx-framework\src\traditional\proc\p18f452.asm
                    TMR1L   0x000fce       data     extern E:\3.46\pic18-lt\cxx-framework\src\traditional\proc\p18f452.asm
                     TMR2   0x000fcc       data     extern E:\3.46\pic18-lt\cxx-framework\src\traditional\proc\p18f452.asm
                    TMR3H   0x000fb3       data     extern E:\3.46\pic18-lt\cxx-framework\src\traditional\proc\p18f452.asm
                    TMR3L   0x000fb2       data     extern E:\3.46\pic18-lt\cxx-framework\src\traditional\proc\p18f452.asm
                      TOS   0x000ffd       data     extern E:\3.46\pic18-lt\cxx-framework\src\traditional\proc\p18f452.asm
                     TOSH   0x000ffe       data     extern E:\3.46\pic18-lt\cxx-framework\src\traditional\proc\p18f452.asm
                     TOSL   0x000ffd       data     extern E:\3.46\pic18-lt\cxx-framework\src\traditional\proc\p18f452.asm
                     TOSU   0x000fff       data     extern E:\3.46\pic18-lt\cxx-framework\src\traditional\proc\p18f452.asm
                    TRISA   0x000f92       data     extern E:\3.46\pic18-lt\cxx-framework\src\traditional\proc\p18f452.asm
                TRISAbits   0x000f92       data     extern E:\3.46\pic18-lt\cxx-framework\src\traditional\proc\p18f452.asm
                    TRISB   0x000f93       data     extern E:\3.46\pic18-lt\cxx-framework\src\traditional\proc\p18f452.asm
                TRISBbits   0x000f93       data     extern E:\3.46\pic18-lt\cxx-framework\src\traditional\proc\p18f452.asm
                    TRISC   0x000f94       data     extern E:\3.46\pic18-lt\cxx-framework\src\traditional\proc\p18f452.asm
                TRISCbits   0x000f94       data     extern E:\3.46\pic18-lt\cxx-framework\src\traditional\proc\p18f452.asm
                    TRISD   0x000f95       data     extern E:\3.46\pic18-lt\cxx-framework\src\traditional\proc\p18f452.asm
                TRISDbits   0x000f95       data     extern E:\3.46\pic18-lt\cxx-framework\src\traditional\proc\p18f452.asm
                    TRISE   0x000f96       data     extern E:\3.46\pic18-lt\cxx-framework\src\traditional\proc\p18f452.asm
                TRISEbits   0x000f96       data     extern E:\3.46\pic18-lt\cxx-framework\src\traditional\proc\p18f452.asm
                    TXREG   0x000fad       data     extern E:\3.46\pic18-lt\cxx-framework\src\traditional\proc\p18f452.asm
                    TXSTA   0x000fac       data     extern E:\3.46\pic18-lt\cxx-framework\src\traditional\proc\p18f452.asm
                TXSTAbits   0x000fac       data     extern E:\3.46\pic18-lt\cxx-framework\src\traditional\proc\p18f452.asm
                  TempInt   0x0000a2       data     extern C:\Users\Chan\Desktop\rec\1 NTFS\ECNG3006\TempSensor.X\main.c
                  TempLSB   0x000081       data     extern C:\Users\Chan\Desktop\rec\1 NTFS\ECNG3006\TempSensor.X\main.c
                  TempMSB   0x000080       data     extern C:\Users\Chan\Desktop\rec\1 NTFS\ECNG3006\TempSensor.X\main.c
              Temperature   0x000088       data     extern C:\Users\Chan\Desktop\rec\1 NTFS\ECNG3006\TempSensor.X\main.c
                        W   0x000fe8       data     extern E:\3.46\pic18-lt\cxx-framework\src\traditional\proc\p18f452.asm
                   WDTCON   0x000fd1       data     extern E:\3.46\pic18-lt\cxx-framework\src\traditional\proc\p18f452.asm
               WDTCONbits   0x000fd1       data     extern E:\3.46\pic18-lt\cxx-framework\src\traditional\proc\p18f452.asm
                     WREG   0x000fe8       data     extern E:\3.46\pic18-lt\cxx-framework\src\traditional\proc\p18f452.asm
                 __AARGB0   0x000007       data     extern E:\3.46\pic18-lt\cxx-framework\src\traditional\math\aarg.asm
                 __AARGB1   0x000006       data     extern E:\3.46\pic18-lt\cxx-framework\src\traditional\math\aarg.asm
                 __AARGB2   0x000005       data     extern E:\3.46\pic18-lt\cxx-framework\src\traditional\math\aarg.asm
                 __AARGB3   0x000004       data     extern E:\3.46\pic18-lt\cxx-framework\src\traditional\math\aarg.asm
                 __AARGB4   0x000003       data     extern E:\3.46\pic18-lt\cxx-framework\src\traditional\math\aarg.asm
                 __AARGB5   0x000002       data     extern E:\3.46\pic18-lt\cxx-framework\src\traditional\math\aarg.asm
                 __AARGB6   0x000001       data     extern E:\3.46\pic18-lt\cxx-framework\src\traditional\math\aarg.asm
                 __AARGB7   0x000000       data     extern E:\3.46\pic18-lt\cxx-framework\src\traditional\math\aarg.asm
                   __AEXP   0x000008       data     extern E:\3.46\pic18-lt\cxx-framework\src\traditional\math\aarg.asm
                 __BARGB0   0x00000c       data     extern E:\3.46\pic18-lt\cxx-framework\src\traditional\math\barg.asm
                 __BARGB1   0x00000b       data     extern E:\3.46\pic18-lt\cxx-framework\src\traditional\math\barg.asm
                 __BARGB2   0x00000a       data     extern E:\3.46\pic18-lt\cxx-framework\src\traditional\math\barg.asm
                 __BARGB3   0x000009       data     extern E:\3.46\pic18-lt\cxx-framework\src\traditional\math\barg.asm
                   __BEXP   0x00000d       data     extern E:\3.46\pic18-lt\cxx-framework\src\traditional\math\barg.asm
                __FPFLAGS   0x00000f       data     extern E:\3.46\pic18-lt\cxx-framework\src\traditional\math\cmath18.asm
            __FPFLAGSbits   0x00000f       data     extern E:\3.46\pic18-lt\cxx-framework\src\traditional\math\cmath18.asm
                  __REMB0   0x000003       data     extern E:\3.46\pic18-lt\cxx-framework\src\traditional\math\aarg.asm
                  __REMB1   0x000002       data     extern E:\3.46\pic18-lt\cxx-framework\src\traditional\math\aarg.asm
                  __REMB2   0x000001       data     extern E:\3.46\pic18-lt\cxx-framework\src\traditional\math\aarg.asm
                  __REMB3   0x000000       data     extern E:\3.46\pic18-lt\cxx-framework\src\traditional\math\aarg.asm
                   __TEMP   0x000013       data     extern E:\3.46\pic18-lt\cxx-framework\src\traditional\math\temparg.asm
                 __TEMPB0   0x000013       data     extern E:\3.46\pic18-lt\cxx-framework\src\traditional\math\temparg.asm
                 __TEMPB1   0x000012       data     extern E:\3.46\pic18-lt\cxx-framework\src\traditional\math\temparg.asm
                 __TEMPB2   0x000011       data     extern E:\3.46\pic18-lt\cxx-framework\src\traditional\math\temparg.asm
                 __TEMPB3   0x000010       data     extern E:\3.46\pic18-lt\cxx-framework\src\traditional\math\temparg.asm
                  __tmp_0   0x000014       data     static E:\3.46\pic18-lt\cxx-framework\src\traditional\stdclib\sprintf.c
                  __tmp_0   0x000014       data     static E:\3.46\pic18-lt\cxx-framework\src\traditional\stdclib\vfprintf.c
                  __tmp_0   0x000014       data     static E:\3.46\pic18-lt\cxx-framework\src\traditional\stdclib\putc.c
                  __tmp_0   0x000014       data     static C:\Users\Chan\Desktop\rec\1 NTFS\ECNG3006\TempSensor.X\main.c
                   aveLSB   0x00009c       data     extern C:\Users\Chan\Desktop\rec\1 NTFS\ECNG3006\TempSensor.X\main.c
                   aveMSB   0x00009d       data     extern C:\Users\Chan\Desktop\rec\1 NTFS\ECNG3006\TempSensor.X\main.c
                  average   0x000086       data     extern C:\Users\Chan\Desktop\rec\1 NTFS\ECNG3006\TempSensor.X\main.c
                curr_byte   0x0000b2       data     static E:\3.46\pic18-lt\cxx-framework\src\traditional\startup\c018i.c
               curr_entry   0x0000b4       data     static E:\3.46\pic18-lt\cxx-framework\src\traditional\startup\c018i.c
                 data_ptr   0x0000b6       data     static E:\3.46\pic18-lt\cxx-framework\src\traditional\startup\c018i.c
                   degree   0x0000a4       data     extern C:\Users\Chan\Desktop\rec\1 NTFS\ECNG3006\TempSensor.X\main.c
                fracFloat   0x0000a5       data     extern C:\Users\Chan\Desktop\rec\1 NTFS\ECNG3006\TempSensor.X\main.c
                  fracInt   0x0000ab       data     extern C:\Users\Chan\Desktop\rec\1 NTFS\ECNG3006\TempSensor.X\main.c
                     prom   0x0000af       data     static E:\3.46\pic18-lt\cxx-framework\src\traditional\startup\c018i.c
                     sign   0x0000a9       data     extern C:\Users\Chan\Desktop\rec\1 NTFS\ECNG3006\TempSensor.X\main.c
                      sum   0x000082       data     extern C:\Users\Chan\Desktop\rec\1 NTFS\ECNG3006\TempSensor.X\main.c
                     temp   0x000084       data     extern C:\Users\Chan\Desktop\rec\1 NTFS\ECNG3006\TempSensor.X\main.c
                        x   0x0000ad       data     extern C:\Users\Chan\Desktop\rec\1 NTFS\ECNG3006\TempSensor.X\main.c



                              Symbols - Sorted by Address
                     Name    Address   Location    Storage File                     
                ---------  ---------  ---------  --------- ---------                
                   _entry   0x000000    program     extern E:\3.46\pic18-lt\cxx-framework\src\traditional\startup\c018i.c
       ___return_lbl00000   0x000004    program     static                          
            s_put_n_chars   0x000014    program     static E:\3.46\pic18-lt\cxx-framework\src\traditional\stdclib\vfprintf.c
                 vfprintf   0x000040    program     extern E:\3.46\pic18-lt\cxx-framework\src\traditional\stdclib\vfprintf.c
              __tmplbl_85   0x00006a    program     static                          
              __tmplbl_44   0x000918    program     static                          
              __tmplbl_43   0x000932    program     static                          
                   __pa_0   0x000954    program     static E:\3.46\pic18-lt\cxx-framework\src\traditional\stdclib\vfprintf.c
                   __pa_1   0x00095c    program     static E:\3.46\pic18-lt\cxx-framework\src\traditional\stdclib\vfprintf.c
                   __pa_2   0x000966    program     static E:\3.46\pic18-lt\cxx-framework\src\traditional\stdclib\vfprintf.c
                   __pa_3   0x000970    program     static E:\3.46\pic18-lt\cxx-framework\src\traditional\stdclib\vfprintf.c
                   __pa_4   0x000988    program     static E:\3.46\pic18-lt\cxx-framework\src\traditional\stdclib\vfprintf.c
                   __pa_5   0x00099c    program     static E:\3.46\pic18-lt\cxx-framework\src\traditional\stdclib\vfprintf.c
                   __pa_6   0x0009b8    program     static E:\3.46\pic18-lt\cxx-framework\src\traditional\stdclib\vfprintf.c
                   __pa_7   0x0009c2    program     static E:\3.46\pic18-lt\cxx-framework\src\traditional\stdclib\vfprintf.c
                   __pa_8   0x0009ce    program     static E:\3.46\pic18-lt\cxx-framework\src\traditional\stdclib\vfprintf.c
                   __pa_9   0x0009f0    program     static E:\3.46\pic18-lt\cxx-framework\src\traditional\stdclib\vfprintf.c
                  __pa_10   0x000a10    program     static E:\3.46\pic18-lt\cxx-framework\src\traditional\stdclib\vfprintf.c
                  __pa_11   0x000a1e    program     static E:\3.46\pic18-lt\cxx-framework\src\traditional\stdclib\vfprintf.c
                  __pa_12   0x000a34    program     static E:\3.46\pic18-lt\cxx-framework\src\traditional\stdclib\vfprintf.c
                  __pa_13   0x000a4e    program     static E:\3.46\pic18-lt\cxx-framework\src\traditional\stdclib\vfprintf.c
                  __pa_14   0x000a66    program     static E:\3.46\pic18-lt\cxx-framework\src\traditional\stdclib\vfprintf.c
                  __pa_15   0x000a76    program     static E:\3.46\pic18-lt\cxx-framework\src\traditional\stdclib\vfprintf.c
                  __pa_16   0x000a8c    program     static E:\3.46\pic18-lt\cxx-framework\src\traditional\stdclib\vfprintf.c
                  __pa_17   0x000a9e    program     static E:\3.46\pic18-lt\cxx-framework\src\traditional\stdclib\vfprintf.c
                  __pa_18   0x000ab0    program     static E:\3.46\pic18-lt\cxx-framework\src\traditional\stdclib\vfprintf.c
                  __pa_19   0x000aba    program     static E:\3.46\pic18-lt\cxx-framework\src\traditional\stdclib\vfprintf.c
                  __pa_20   0x000aca    program     static E:\3.46\pic18-lt\cxx-framework\src\traditional\stdclib\vfprintf.c
                  __pa_21   0x000ada    program     static E:\3.46\pic18-lt\cxx-framework\src\traditional\stdclib\vfprintf.c
                  __pa_22   0x000aea    program     static E:\3.46\pic18-lt\cxx-framework\src\traditional\stdclib\vfprintf.c
              __tmplbl_42   0x000aea    program     static                          
                  __pa_23   0x000af6    program     static E:\3.46\pic18-lt\cxx-framework\src\traditional\stdclib\vfprintf.c
                  __pa_24   0x000b04    program     static E:\3.46\pic18-lt\cxx-framework\src\traditional\stdclib\vfprintf.c
                  __pa_25   0x000b0c    program     static E:\3.46\pic18-lt\cxx-framework\src\traditional\stdclib\vfprintf.c
                  __pa_26   0x000b16    program     static E:\3.46\pic18-lt\cxx-framework\src\traditional\stdclib\vfprintf.c
                  __pa_27   0x000b20    program     static E:\3.46\pic18-lt\cxx-framework\src\traditional\stdclib\vfprintf.c
                  __pa_28   0x000b28    program     static E:\3.46\pic18-lt\cxx-framework\src\traditional\stdclib\vfprintf.c
                  __pa_29   0x000b36    program     static E:\3.46\pic18-lt\cxx-framework\src\traditional\stdclib\vfprintf.c
                  __pa_30   0x000b52    program     static E:\3.46\pic18-lt\cxx-framework\src\traditional\stdclib\vfprintf.c
                  __pa_31   0x000b6c    program     static E:\3.46\pic18-lt\cxx-framework\src\traditional\stdclib\vfprintf.c
                  __pa_32   0x000b86    program     static E:\3.46\pic18-lt\cxx-framework\src\traditional\stdclib\vfprintf.c
                  __pa_33   0x000b9e    program     static E:\3.46\pic18-lt\cxx-framework\src\traditional\stdclib\vfprintf.c
                  __pa_34   0x000ba8    program     static E:\3.46\pic18-lt\cxx-framework\src\traditional\stdclib\vfprintf.c
                  __pa_35   0x000bb6    program     static E:\3.46\pic18-lt\cxx-framework\src\traditional\stdclib\vfprintf.c
                  __pa_36   0x000bbe    program     static E:\3.46\pic18-lt\cxx-framework\src\traditional\stdclib\vfprintf.c
                  __pa_37   0x000bc8    program     static E:\3.46\pic18-lt\cxx-framework\src\traditional\stdclib\vfprintf.c
                  __pa_38   0x000bd8    program     static E:\3.46\pic18-lt\cxx-framework\src\traditional\stdclib\vfprintf.c
                  __pa_39   0x000be6    program     static E:\3.46\pic18-lt\cxx-framework\src\traditional\stdclib\vfprintf.c
                  __pa_40   0x000bf2    program     static E:\3.46\pic18-lt\cxx-framework\src\traditional\stdclib\vfprintf.c
                  __pa_41   0x000bfe    program     static E:\3.46\pic18-lt\cxx-framework\src\traditional\stdclib\vfprintf.c
                  __pa_42   0x000c06    program     static E:\3.46\pic18-lt\cxx-framework\src\traditional\stdclib\vfprintf.c
                  __pa_43   0x000c10    program     static E:\3.46\pic18-lt\cxx-framework\src\traditional\stdclib\vfprintf.c
                  __pa_44   0x000c16    program     static E:\3.46\pic18-lt\cxx-framework\src\traditional\stdclib\vfprintf.c
                  __pa_45   0x000c20    program     static E:\3.46\pic18-lt\cxx-framework\src\traditional\stdclib\vfprintf.c
                  __pa_46   0x000c2c    program     static E:\3.46\pic18-lt\cxx-framework\src\traditional\stdclib\vfprintf.c
                 ow_reset   0x000c36    program     extern C:\Users\Chan\Desktop\rec\1 NTFS\ECNG3006\TempSensor.X\ow.h
            ow_write_byte   0x000c96    program     extern C:\Users\Chan\Desktop\rec\1 NTFS\ECNG3006\TempSensor.X\ow.h
             ow_read_byte   0x000d08    program     extern C:\Users\Chan\Desktop\rec\1 NTFS\ECNG3006\TempSensor.X\ow.h
          ___for_lbl00008   0x000d1a    program     static                          
               __tmplbl_1   0x000d2e    program     static                          
          ___for_lbl00006   0x000d76    program     static                          
          ___for_lbl00007   0x000d7c    program     static                          
       ___return_lbl00005   0x000d80    program     static                          
            DelayFor18TCY   0x000d98    program     extern C:\Users\Chan\Desktop\rec\1 NTFS\ECNG3006\TempSensor.X\main.c
       ___return_lbl00009   0x000db2    program     static                          
                DelayXLCD   0x000db4    program     extern C:\Users\Chan\Desktop\rec\1 NTFS\ECNG3006\TempSensor.X\main.c
             DelayPORXLCD   0x000dc0    program     extern C:\Users\Chan\Desktop\rec\1 NTFS\ECNG3006\TempSensor.X\main.c
                 init_LCD   0x000dcc    program     extern C:\Users\Chan\Desktop\rec\1 NTFS\ECNG3006\TempSensor.X\main.c
                     main   0x000e10    program     extern C:\Users\Chan\Desktop\rec\1 NTFS\ECNG3006\TempSensor.X\main.c
                    FPS32   0x0010ba    program     extern E:\3.46\pic18-lt\cxx-framework\src\traditional\math\addFP.asm
                    FPA32   0x0010bc    program     extern E:\3.46\pic18-lt\cxx-framework\src\traditional\math\addFP.asm
                jBANotInf   0x0010da    program     static E:\3.46\pic18-lt\cxx-framework\src\traditional\math\addFP.asm
                 jANotInf   0x0010e4    program     static E:\3.46\pic18-lt\cxx-framework\src\traditional\math\addFP.asm
                 jBNotInf   0x0010f2    program     static E:\3.46\pic18-lt\cxx-framework\src\traditional\math\addFP.asm
            jDifOrPosSign   0x001106    program     static E:\3.46\pic18-lt\cxx-framework\src\traditional\math\addFP.asm
             jNotBothZero   0x00110a    program     static E:\3.46\pic18-lt\cxx-framework\src\traditional\math\addFP.asm
                 jAltBexp   0x001136    program     static E:\3.46\pic18-lt\cxx-framework\src\traditional\math\addFP.asm
              jAandWsetup   0x001148    program     static E:\3.46\pic18-lt\cxx-framework\src\traditional\math\addFP.asm
                 jANotNeg   0x001178    program     static E:\3.46\pic18-lt\cxx-framework\src\traditional\math\addFP.asm
                 jWNotNeg   0x00118c    program     static E:\3.46\pic18-lt\cxx-framework\src\traditional\math\addFP.asm
               jShiftLoop   0x001192    program     static E:\3.46\pic18-lt\cxx-framework\src\traditional\math\addFP.asm
               jShiftDone   0x0011a0    program     static E:\3.46\pic18-lt\cxx-framework\src\traditional\math\addFP.asm
                jSignDone   0x0011d0    program     static E:\3.46\pic18-lt\cxx-framework\src\traditional\math\addFP.asm
               jFinalSign   0x0011e0    program     static E:\3.46\pic18-lt\cxx-framework\src\traditional\math\addFP.asm
                    FPM32   0x0011e8    program     extern E:\3.46\pic18-lt\cxx-framework\src\traditional\math\mulFP.asm
                 jANotInf   0x001206    program     static E:\3.46\pic18-lt\cxx-framework\src\traditional\math\mulFP.asm
              jBothFinite   0x001214    program     static E:\3.46\pic18-lt\cxx-framework\src\traditional\math\mulFP.asm
                jHaveZero   0x00121c    program     static E:\3.46\pic18-lt\cxx-framework\src\traditional\math\mulFP.asm
             jBothNotZero   0x001220    program     static E:\3.46\pic18-lt\cxx-framework\src\traditional\math\mulFP.asm
                  INT3216   0x0012c2    program     extern E:\3.46\pic18-lt\cxx-framework\src\traditional\math\castFP16.asm
                     jMax   0x0012d2    program     static E:\3.46\pic18-lt\cxx-framework\src\traditional\math\castFP16.asm
                  jMaxPos   0x0012d6    program     static E:\3.46\pic18-lt\cxx-framework\src\traditional\math\castFP16.asm
                  jMaxNeg   0x0012e0    program     static E:\3.46\pic18-lt\cxx-framework\src\traditional\math\castFP16.asm
                    jZero   0x0012e8    program     static E:\3.46\pic18-lt\cxx-framework\src\traditional\math\castFP16.asm
                  jNotInf   0x0012ee    program     static E:\3.46\pic18-lt\cxx-framework\src\traditional\math\castFP16.asm
                    jLoop   0x0012fe    program     static E:\3.46\pic18-lt\cxx-framework\src\traditional\math\castFP16.asm
                jLoopExit   0x00130e    program     static E:\3.46\pic18-lt\cxx-framework\src\traditional\math\castFP16.asm
                    jExit   0x00131e    program     static E:\3.46\pic18-lt\cxx-framework\src\traditional\math\castFP16.asm
            __FpReturnNaN   0x001320    program     extern E:\3.46\pic18-lt\cxx-framework\src\traditional\math\packFP.asm
                 __FpExit   0x00132c    program     extern E:\3.46\pic18-lt\cxx-framework\src\traditional\math\packFP.asm
        __FpReturnSignInf   0x00132e    program     extern E:\3.46\pic18-lt\cxx-framework\src\traditional\math\packFP.asm
         __FpReturnNegInf   0x001332    program     extern E:\3.46\pic18-lt\cxx-framework\src\traditional\math\packFP.asm
         __FpReturnPosInf   0x001338    program     extern E:\3.46\pic18-lt\cxx-framework\src\traditional\math\packFP.asm
           jReturnPosInf0   0x00133c    program     static E:\3.46\pic18-lt\cxx-framework\src\traditional\math\packFP.asm
               jZero1and2   0x001340    program     static E:\3.46\pic18-lt\cxx-framework\src\traditional\math\packFP.asm
       __FpReturnSignZero   0x001346    program     extern E:\3.46\pic18-lt\cxx-framework\src\traditional\math\packFP.asm
        __FpReturnNegZero   0x00134a    program     extern E:\3.46\pic18-lt\cxx-framework\src\traditional\math\packFP.asm
        __FpReturnPosZero   0x001352    program     extern E:\3.46\pic18-lt\cxx-framework\src\traditional\math\packFP.asm
                 __FpPack   0x001358    program     extern E:\3.46\pic18-lt\cxx-framework\src\traditional\math\packFP.asm
                  jPkLoop   0x001366    program     static E:\3.46\pic18-lt\cxx-framework\src\traditional\math\packFP.asm
             jPkShiftDone   0x001382    program     static E:\3.46\pic18-lt\cxx-framework\src\traditional\math\packFP.asm
               jPkRoundIt   0x001398    program     static E:\3.46\pic18-lt\cxx-framework\src\traditional\math\packFP.asm
              __FpReturnW   0x0013b0    program     extern E:\3.46\pic18-lt\cxx-framework\src\traditional\math\packFP.asm
             jPkRoundDone   0x0013b0    program     static E:\3.46\pic18-lt\cxx-framework\src\traditional\math\packFP.asm
              __FpUnPackA   0x0013d0    program     extern E:\3.46\pic18-lt\cxx-framework\src\traditional\math\UnpackFP.asm
                  jUnpkA1   0x0013da    program     static E:\3.46\pic18-lt\cxx-framework\src\traditional\math\UnpackFP.asm
                 jUnpkANZ   0x0013e8    program     static E:\3.46\pic18-lt\cxx-framework\src\traditional\math\UnpackFP.asm
                  jUnpkA2   0x0013f2    program     static E:\3.46\pic18-lt\cxx-framework\src\traditional\math\UnpackFP.asm
                 jUnpkNaN   0x0013fc    program     static E:\3.46\pic18-lt\cxx-framework\src\traditional\math\UnpackFP.asm
              __FpUnPackB   0x001400    program     extern E:\3.46\pic18-lt\cxx-framework\src\traditional\math\UnpackFP.asm
                  jUnpkB1   0x00140a    program     static E:\3.46\pic18-lt\cxx-framework\src\traditional\math\UnpackFP.asm
                 jUnpkBNZ   0x001418    program     static E:\3.46\pic18-lt\cxx-framework\src\traditional\math\UnpackFP.asm
                  jUnpkB2   0x001422    program     static E:\3.46\pic18-lt\cxx-framework\src\traditional\math\UnpackFP.asm
                 FXM1616S   0x00142c    program     extern E:\3.46\pic18-lt\cxx-framework\src\traditional\math\fxm1616s.asm
               TSIGN1616A   0x001478    program     static E:\3.46\pic18-lt\cxx-framework\src\traditional\math\fxm1616s.asm
                 OpenXLCD   0x001486    program     extern C:\Users\Chan\Desktop\rec\1 NTFS\ECNG3006\TempSensor.X\openxlcd.c
                  sprintf   0x001554    program     extern E:\3.46\pic18-lt\cxx-framework\src\traditional\stdclib\sprintf.c
                _do_cinit   0x001600    program     extern E:\3.46\pic18-lt\cxx-framework\src\traditional\startup\c018i.c
                     test   0x00161a    program     static                          
                copy_loop   0x001672    program     static                          
            copy_one_byte   0x001678    program     static                          
             done_copying   0x001686    program     static                          
                     done   0x00169c    program     static                          
       ___return_lbl00002   0x00169c    program     static                          
                     putc   0x00169e    program     extern E:\3.46\pic18-lt\cxx-framework\src\traditional\stdclib\putc.c
                  FXM3232   0x001722    program     extern E:\3.46\pic18-lt\cxx-framework\src\traditional\math\fxm3232.c
       ___return_lbl00000   0x001790    program     static                          
                   strlen   0x001792    program     extern E:\3.46\pic18-lt\cxx-framework\src\traditional\stdclib\strlen.asm
                    jLoop   0x0017a2    program     static E:\3.46\pic18-lt\cxx-framework\src\traditional\stdclib\strlen.asm
                     jEnd   0x0017ac    program     static E:\3.46\pic18-lt\cxx-framework\src\traditional\stdclib\strlen.asm
                strlenpgm   0x0017ae    program     extern E:\3.46\pic18-lt\cxx-framework\src\traditional\stdclib\slenpgm.asm
                    jLoop   0x0017cc    program     static E:\3.46\pic18-lt\cxx-framework\src\traditional\stdclib\slenpgm.asm
                   _2jEnd   0x0017e2    program     static E:\3.46\pic18-lt\cxx-framework\src\traditional\stdclib\slenpgm.asm
                     jEnd   0x0017e4    program     static E:\3.46\pic18-lt\cxx-framework\src\traditional\stdclib\slenpgm.asm
             SetDDRamAddr   0x0017f8    program     extern C:\Users\Chan\Desktop\rec\1 NTFS\ECNG3006\TempSensor.X\setddram.c
             SetCGRamAddr   0x001846    program     extern C:\Users\Chan\Desktop\rec\1 NTFS\ECNG3006\TempSensor.X\setcgram.c
                putrsXLCD   0x001894    program     extern C:\Users\Chan\Desktop\rec\1 NTFS\ECNG3006\TempSensor.X\putrxlcd.c
            WriteDataXLCD   0x0018e2    program     extern C:\Users\Chan\Desktop\rec\1 NTFS\ECNG3006\TempSensor.X\writdata.c
             WriteCmdXLCD   0x00192e    program     extern C:\Users\Chan\Desktop\rec\1 NTFS\ECNG3006\TempSensor.X\wcmdxlcd.c
                 putsXLCD   0x00197a    program     extern C:\Users\Chan\Desktop\rec\1 NTFS\ECNG3006\TempSensor.X\putsxlcd.c
                 FXD3232U   0x0019c4    program     extern E:\3.46\pic18-lt\cxx-framework\src\traditional\math\fxd3232u.c
                     loop   0x0019d2    program     static                          
                   _false   0x001a06    program     static                          
       ___return_lbl00000   0x001a0a    program     static                          
             ReadDataXLCD   0x001a0c    program     extern C:\Users\Chan\Desktop\rec\1 NTFS\ECNG3006\TempSensor.X\readdata.c
             ReadAddrXLCD   0x001a50    program     extern C:\Users\Chan\Desktop\rec\1 NTFS\ECNG3006\TempSensor.X\readaddr.c
               __string_2   0x001a94    program     static C:\Users\Chan\Desktop\rec\1 NTFS\ECNG3006\TempSensor.X\main.c
               __string_1   0x001aa8    program     static C:\Users\Chan\Desktop\rec\1 NTFS\ECNG3006\TempSensor.X\main.c
               __string_0   0x001aba    program     static C:\Users\Chan\Desktop\rec\1 NTFS\ECNG3006\TempSensor.X\main.c
                 BusyXLCD   0x001acc    program     extern C:\Users\Chan\Desktop\rec\1 NTFS\ECNG3006\TempSensor.X\busyxlcd.c
             Delay10KTCYx   0x001b02    program     extern E:\3.46\pic18-lt\cxx-framework\src\traditional\delays\d10ktcyx.asm
                    D10Kx   0x001b0c    program     static E:\3.46\pic18-lt\cxx-framework\src\traditional\delays\d10ktcyx.asm
                   D10K_1   0x001b0e    program     static E:\3.46\pic18-lt\cxx-framework\src\traditional\delays\d10ktcyx.asm
       _D10KTCYXCODE_0010   0x001b12    program     static E:\3.46\pic18-lt\cxx-framework\src\traditional\delays\d10ktcyx.asm
[...]
                    PORTD   0x000f83       data     extern E:\3.46\pic18-lt\cxx-framework\src\traditional\proc\p18f452.asm
                    PORTE   0x000f84       data     extern E:\3.46\pic18-lt\cxx-framework\src\traditional\proc\p18f452.asm
                PORTEbits   0x000f84       data     extern E:\3.46\pic18-lt\cxx-framework\src\traditional\proc\p18f452.asm
                     LATA   0x000f89       data     extern E:\3.46\pic18-lt\cxx-framework\src\traditional\proc\p18f452.asm
                 LATAbits   0x000f89       data     extern E:\3.46\pic18-lt\cxx-framework\src\traditional\proc\p18f452.asm
                     LATB   0x000f8a       data     extern E:\3.46\pic18-lt\cxx-framework\src\traditional\proc\p18f452.asm
                 LATBbits   0x000f8a       data     extern E:\3.46\pic18-lt\cxx-framework\src\traditional\proc\p18f452.asm
                     LATC   0x000f8b       data     extern E:\3.46\pic18-lt\cxx-framework\src\traditional\proc\p18f452.asm
                 LATCbits   0x000f8b       data     extern E:\3.46\pic18-lt\cxx-framework\src\traditional\proc\p18f452.asm
                 LATDbits   0x000f8c       data     extern E:\3.46\pic18-lt\cxx-framework\src\traditional\proc\p18f452.asm
                     LATD   0x000f8c       data     extern E:\3.46\pic18-lt\cxx-framework\src\traditional\proc\p18f452.asm
                 LATEbits   0x000f8d       data     extern E:\3.46\pic18-lt\cxx-framework\src\traditional\proc\p18f452.asm
                     LATE   0x000f8d       data     extern E:\3.46\pic18-lt\cxx-framework\src\traditional\proc\p18f452.asm
                TRISAbits   0x000f92       data     extern E:\3.46\pic18-lt\cxx-framework\src\traditional\proc\p18f452.asm
                    TRISA   0x000f92       data     extern E:\3.46\pic18-lt\cxx-framework\src\traditional\proc\p18f452.asm
                     DDRA   0x000f92       data     extern E:\3.46\pic18-lt\cxx-framework\src\traditional\proc\p18f452.asm
                 DDRAbits   0x000f92       data     extern E:\3.46\pic18-lt\cxx-framework\src\traditional\proc\p18f452.asm
                TRISBbits   0x000f93       data     extern E:\3.46\pic18-lt\cxx-framework\src\traditional\proc\p18f452.asm
                    TRISB   0x000f93       data     extern E:\3.46\pic18-lt\cxx-framework\src\traditional\proc\p18f452.asm
                     DDRB   0x000f93       data     extern E:\3.46\pic18-lt\cxx-framework\src\traditional\proc\p18f452.asm
                 DDRBbits   0x000f93       data     extern E:\3.46\pic18-lt\cxx-framework\src\traditional\proc\p18f452.asm
                TRISCbits   0x000f94       data     extern E:\3.46\pic18-lt\cxx-framework\src\traditional\proc\p18f452.asm
                    TRISC   0x000f94       data     extern E:\3.46\pic18-lt\cxx-framework\src\traditional\proc\p18f452.asm
                     DDRC   0x000f94       data     extern E:\3.46\pic18-lt\cxx-framework\src\traditional\proc\p18f452.asm
                 DDRCbits   0x000f94       data     extern E:\3.46\pic18-lt\cxx-framework\src\traditional\proc\p18f452.asm
                    TRISD   0x000f95       data     extern E:\3.46\pic18-lt\cxx-framework\src\traditional\proc\p18f452.asm
                 DDRDbits   0x000f95       data     extern E:\3.46\pic18-lt\cxx-framework\src\traditional\proc\p18f452.asm
                     DDRD   0x000f95       data     extern E:\3.46\pic18-lt\cxx-framework\src\traditional\proc\p18f452.asm
                TRISDbits   0x000f95       data     extern E:\3.46\pic18-lt\cxx-framework\src\traditional\proc\p18f452.asm
                    TRISE   0x000f96       data     extern E:\3.46\pic18-lt\cxx-framework\src\traditional\proc\p18f452.asm
                 DDREbits   0x000f96       data     extern E:\3.46\pic18-lt\cxx-framework\src\traditional\proc\p18f452.asm
                     DDRE   0x000f96       data     extern E:\3.46\pic18-lt\cxx-framework\src\traditional\proc\p18f452.asm
                TRISEbits   0x000f96       data     extern E:\3.46\pic18-lt\cxx-framework\src\traditional\proc\p18f452.asm
                 PIE1bits   0x000f9d       data     extern E:\3.46\pic18-lt\cxx-framework\src\traditional\proc\p18f452.asm
                     PIE1   0x000f9d       data     extern E:\3.46\pic18-lt\cxx-framework\src\traditional\proc\p18f452.asm
                 PIR1bits   0x000f9e       data     extern E:\3.46\pic18-lt\cxx-framework\src\traditional\proc\p18f452.asm
                     PIR1   0x000f9e       data     extern E:\3.46\pic18-lt\cxx-framework\src\traditional\proc\p18f452.asm
                 IPR1bits   0x000f9f       data     extern E:\3.46\pic18-lt\cxx-framework\src\traditional\proc\p18f452.asm
                     IPR1   0x000f9f       data     extern E:\3.46\pic18-lt\cxx-framework\src\traditional\proc\p18f452.asm
                     PIE2   0x000fa0       data     extern E:\3.46\pic18-lt\cxx-framework\src\traditional\proc\p18f452.asm
                 PIE2bits   0x000fa0       data     extern E:\3.46\pic18-lt\cxx-framework\src\traditional\proc\p18f452.asm
                 PIR2bits   0x000fa1       data     extern E:\3.46\pic18-lt\cxx-framework\src\traditional\proc\p18f452.asm
                     PIR2   0x000fa1       data     extern E:\3.46\pic18-lt\cxx-framework\src\traditional\proc\p18f452.asm
                 IPR2bits   0x000fa2       data     extern E:\3.46\pic18-lt\cxx-framework\src\traditional\proc\p18f452.asm
                     IPR2   0x000fa2       data     extern E:\3.46\pic18-lt\cxx-framework\src\traditional\proc\p18f452.asm
               EECON1bits   0x000fa6       data     extern E:\3.46\pic18-lt\cxx-framework\src\traditional\proc\p18f452.asm
                   EECON1   0x000fa6       data     extern E:\3.46\pic18-lt\cxx-framework\src\traditional\proc\p18f452.asm
                   EECON2   0x000fa7       data     extern E:\3.46\pic18-lt\cxx-framework\src\traditional\proc\p18f452.asm
                   EEDATA   0x000fa8       data     extern E:\3.46\pic18-lt\cxx-framework\src\traditional\proc\p18f452.asm
                    EEADR   0x000fa9       data     extern E:\3.46\pic18-lt\cxx-framework\src\traditional\proc\p18f452.asm
                    RCSTA   0x000fab       data     extern E:\3.46\pic18-lt\cxx-framework\src\traditional\proc\p18f452.asm
                RCSTAbits   0x000fab       data     extern E:\3.46\pic18-lt\cxx-framework\src\traditional\proc\p18f452.asm
                TXSTAbits   0x000fac       data     extern E:\3.46\pic18-lt\cxx-framework\src\traditional\proc\p18f452.asm
                    TXSTA   0x000fac       data     extern E:\3.46\pic18-lt\cxx-framework\src\traditional\proc\p18f452.asm
                    TXREG   0x000fad       data     extern E:\3.46\pic18-lt\cxx-framework\src\traditional\proc\p18f452.asm
                    RCREG   0x000fae       data     extern E:\3.46\pic18-lt\cxx-framework\src\traditional\proc\p18f452.asm
                    SPBRG   0x000faf       data     extern E:\3.46\pic18-lt\cxx-framework\src\traditional\proc\p18f452.asm
                T3CONbits   0x000fb1       data     extern E:\3.46\pic18-lt\cxx-framework\src\traditional\proc\p18f452.asm
                    T3CON   0x000fb1       data     extern E:\3.46\pic18-lt\cxx-framework\src\traditional\proc\p18f452.asm
                    TMR3L   0x000fb2       data     extern E:\3.46\pic18-lt\cxx-framework\src\traditional\proc\p18f452.asm
                    TMR3H   0x000fb3       data     extern E:\3.46\pic18-lt\cxx-framework\src\traditional\proc\p18f452.asm
                  CCP2CON   0x000fba       data     extern E:\3.46\pic18-lt\cxx-framework\src\traditional\proc\p18f452.asm
              CCP2CONbits   0x000fba       data     extern E:\3.46\pic18-lt\cxx-framework\src\traditional\proc\p18f452.asm
                    CCPR2   0x000fbb       data     extern E:\3.46\pic18-lt\cxx-framework\src\traditional\proc\p18f452.asm
                   CCPR2L   0x000fbb       data     extern E:\3.46\pic18-lt\cxx-framework\src\traditional\proc\p18f452.asm
                   CCPR2H   0x000fbc       data     extern E:\3.46\pic18-lt\cxx-framework\src\traditional\proc\p18f452.asm
                  CCP1CON   0x000fbd       data     extern E:\3.46\pic18-lt\cxx-framework\src\traditional\proc\p18f452.asm
              CCP1CONbits   0x000fbd       data     extern E:\3.46\pic18-lt\cxx-framework\src\traditional\proc\p18f452.asm
                    CCPR1   0x000fbe       data     extern E:\3.46\pic18-lt\cxx-framework\src\traditional\proc\p18f452.asm
                   CCPR1L   0x000fbe       data     extern E:\3.46\pic18-lt\cxx-framework\src\traditional\proc\p18f452.asm
                   CCPR1H   0x000fbf       data     extern E:\3.46\pic18-lt\cxx-framework\src\traditional\proc\p18f452.asm
                   ADCON1   0x000fc1       data     extern E:\3.46\pic18-lt\cxx-framework\src\traditional\proc\p18f452.asm
               ADCON1bits   0x000fc1       data     extern E:\3.46\pic18-lt\cxx-framework\src\traditional\proc\p18f452.asm
                   ADCON0   0x000fc2       data     extern E:\3.46\pic18-lt\cxx-framework\src\traditional\proc\p18f452.asm
               ADCON0bits   0x000fc2       data     extern E:\3.46\pic18-lt\cxx-framework\src\traditional\proc\p18f452.asm
                    ADRES   0x000fc3       data     extern E:\3.46\pic18-lt\cxx-framework\src\traditional\proc\p18f452.asm
                   ADRESL   0x000fc3       data     extern E:\3.46\pic18-lt\cxx-framework\src\traditional\proc\p18f452.asm
                   ADRESH   0x000fc4       data     extern E:\3.46\pic18-lt\cxx-framework\src\traditional\proc\p18f452.asm
                  SSPCON2   0x000fc5       data     extern E:\3.46\pic18-lt\cxx-framework\src\traditional\proc\p18f452.asm
              SSPCON2bits   0x000fc5       data     extern E:\3.46\pic18-lt\cxx-framework\src\traditional\proc\p18f452.asm
              SSPCON1bits   0x000fc6       data     extern E:\3.46\pic18-lt\cxx-framework\src\traditional\proc\p18f452.asm
                  SSPCON1   0x000fc6       data     extern E:\3.46\pic18-lt\cxx-framework\src\traditional\proc\p18f452.asm
                  SSPSTAT   0x000fc7       data     extern E:\3.46\pic18-lt\cxx-framework\src\traditional\proc\p18f452.asm
              SSPSTATbits   0x000fc7       data     extern E:\3.46\pic18-lt\cxx-framework\src\traditional\proc\p18f452.asm
                   SSPADD   0x000fc8       data     extern E:\3.46\pic18-lt\cxx-framework\src\traditional\proc\p18f452.asm
                   SSPBUF   0x000fc9       data     extern E:\3.46\pic18-lt\cxx-framework\src\traditional\proc\p18f452.asm
                    T2CON   0x000fca       data     extern E:\3.46\pic18-lt\cxx-framework\src\traditional\proc\p18f452.asm
                T2CONbits   0x000fca       data     extern E:\3.46\pic18-lt\cxx-framework\src\traditional\proc\p18f452.asm
                      PR2   0x000fcb       data     extern E:\3.46\pic18-lt\cxx-framework\src\traditional\proc\p18f452.asm
                     TMR2   0x000fcc       data     extern E:\3.46\pic18-lt\cxx-framework\src\traditional\proc\p18f452.asm
                    T1CON   0x000fcd       data     extern E:\3.46\pic18-lt\cxx-framework\src\traditional\proc\p18f452.asm
                T1CONbits   0x000fcd       data     extern E:\3.46\pic18-lt\cxx-framework\src\traditional\proc\p18f452.asm
                    TMR1L   0x000fce       data     extern E:\3.46\pic18-lt\cxx-framework\src\traditional\proc\p18f452.asm
                    TMR1H   0x000fcf       data     extern E:\3.46\pic18-lt\cxx-framework\src\traditional\proc\p18f452.asm
                 RCONbits   0x000fd0       data     extern E:\3.46\pic18-lt\cxx-framework\src\traditional\proc\p18f452.asm
                     RCON   0x000fd0       data     extern E:\3.46\pic18-lt\cxx-framework\src\traditional\proc\p18f452.asm
                   WDTCON   0x000fd1       data     extern E:\3.46\pic18-lt\cxx-framework\src\traditional\proc\p18f452.asm
               WDTCONbits   0x000fd1       data     extern E:\3.46\pic18-lt\cxx-framework\src\traditional\proc\p18f452.asm
               LVDCONbits   0x000fd2       data     extern E:\3.46\pic18-lt\cxx-framework\src\traditional\proc\p18f452.asm
                   LVDCON   0x000fd2       data     extern E:\3.46\pic18-lt\cxx-framework\src\traditional\proc\p18f452.asm
               OSCCONbits   0x000fd3       data     extern E:\3.46\pic18-lt\cxx-framework\src\traditional\proc\p18f452.asm
                   OSCCON   0x000fd3       data     extern E:\3.46\pic18-lt\cxx-framework\src\traditional\proc\p18f452.asm
                    T0CON   0x000fd5       data     extern E:\3.46\pic18-lt\cxx-framework\src\traditional\proc\p18f452.asm
                T0CONbits   0x000fd5       data     extern E:\3.46\pic18-lt\cxx-framework\src\traditional\proc\p18f452.asm
                    TMR0L   0x000fd6       data     extern E:\3.46\pic18-lt\cxx-framework\src\traditional\proc\p18f452.asm
                    TMR0H   0x000fd7       data     extern E:\3.46\pic18-lt\cxx-framework\src\traditional\proc\p18f452.asm
                   STATUS   0x000fd8       data     extern E:\3.46\pic18-lt\cxx-framework\src\traditional\proc\p18f452.asm
               STATUSbits   0x000fd8       data     extern E:\3.46\pic18-lt\cxx-framework\src\traditional\proc\p18f452.asm
                     FSR2   0x000fd9       data     extern E:\3.46\pic18-lt\cxx-framework\src\traditional\proc\p18f452.asm
                    FSR2L   0x000fd9       data     extern E:\3.46\pic18-lt\cxx-framework\src\traditional\proc\p18f452.asm
                    FSR2H   0x000fda       data     extern E:\3.46\pic18-lt\cxx-framework\src\traditional\proc\p18f452.asm
                   PLUSW2   0x000fdb       data     extern E:\3.46\pic18-lt\cxx-framework\src\traditional\proc\p18f452.asm
                  PREINC2   0x000fdc       data     extern E:\3.46\pic18-lt\cxx-framework\src\traditional\proc\p18f452.asm
                 POSTDEC2   0x000fdd       data     extern E:\3.46\pic18-lt\cxx-framework\src\traditional\proc\p18f452.asm
                 POSTINC2   0x000fde       data     extern E:\3.46\pic18-lt\cxx-framework\src\traditional\proc\p18f452.asm
                    INDF2   0x000fdf       data     extern E:\3.46\pic18-lt\cxx-framework\src\traditional\proc\p18f452.asm
                      BSR   0x000fe0       data     extern E:\3.46\pic18-lt\cxx-framework\src\traditional\proc\p18f452.asm
                     FSR1   0x000fe1       data     extern E:\3.46\pic18-lt\cxx-framework\src\traditional\proc\p18f452.asm
                    FSR1L   0x000fe1       data     extern E:\3.46\pic18-lt\cxx-framework\src\traditional\proc\p18f452.asm
                    FSR1H   0x000fe2       data     extern E:\3.46\pic18-lt\cxx-framework\src\traditional\proc\p18f452.asm
                   PLUSW1   0x000fe3       data     extern E:\3.46\pic18-lt\cxx-framework\src\traditional\proc\p18f452.asm
                  PREINC1   0x000fe4       data     extern E:\3.46\pic18-lt\cxx-framework\src\traditional\proc\p18f452.asm
                 POSTDEC1   0x000fe5       data     extern E:\3.46\pic18-lt\cxx-framework\src\traditional\proc\p18f452.asm
                 POSTINC1   0x000fe6       data     extern E:\3.46\pic18-lt\cxx-framework\src\traditional\proc\p18f452.asm
                    INDF1   0x000fe7       data     extern E:\3.46\pic18-lt\cxx-framework\src\traditional\proc\p18f452.asm
                        W   0x000fe8       data     extern E:\3.46\pic18-lt\cxx-framework\src\traditional\proc\p18f452.asm
                     WREG   0x000fe8       data     extern E:\3.46\pic18-lt\cxx-framework\src\traditional\proc\p18f452.asm
                     FSR0   0x000fe9       data     extern E:\3.46\pic18-lt\cxx-framework\src\traditional\proc\p18f452.asm
                    FSR0L   0x000fe9       data     extern E:\3.46\pic18-lt\cxx-framework\src\traditional\proc\p18f452.asm
                    FSR0H   0x000fea       data     extern E:\3.46\pic18-lt\cxx-framework\src\traditional\proc\p18f452.asm
                   PLUSW0   0x000feb       data     extern E:\3.46\pic18-lt\cxx-framework\src\traditional\proc\p18f452.asm
                  PREINC0   0x000fec       data     extern E:\3.46\pic18-lt\cxx-framework\src\traditional\proc\p18f452.asm
                 POSTDEC0   0x000fed       data     extern E:\3.46\pic18-lt\cxx-framework\src\traditional\proc\p18f452.asm
                 POSTINC0   0x000fee       data     extern E:\3.46\pic18-lt\cxx-framework\src\traditional\proc\p18f452.asm
                    INDF0   0x000fef       data     extern E:\3.46\pic18-lt\cxx-framework\src\traditional\proc\p18f452.asm
              INTCON3bits   0x000ff0       data     extern E:\3.46\pic18-lt\cxx-framework\src\traditional\proc\p18f452.asm
                  INTCON3   0x000ff0       data     extern E:\3.46\pic18-lt\cxx-framework\src\traditional\proc\p18f452.asm
              INTCON2bits   0x000ff1       data     extern E:\3.46\pic18-lt\cxx-framework\src\traditional\proc\p18f452.asm
                  INTCON2   0x000ff1       data     extern E:\3.46\pic18-lt\cxx-framework\src\traditional\proc\p18f452.asm
               INTCONbits   0x000ff2       data     extern E:\3.46\pic18-lt\cxx-framework\src\traditional\proc\p18f452.asm
              INTCON1bits   0x000ff2       data     extern E:\3.46\pic18-lt\cxx-framework\src\traditional\proc\p18f452.asm
                  INTCON1   0x000ff2       data     extern E:\3.46\pic18-lt\cxx-framework\src\traditional\proc\p18f452.asm
                   INTCON   0x000ff2       data     extern E:\3.46\pic18-lt\cxx-framework\src\traditional\proc\p18f452.asm
                     PROD   0x000ff3       data     extern E:\3.46\pic18-lt\cxx-framework\src\traditional\proc\p18f452.asm
                    PRODL   0x000ff3       data     extern E:\3.46\pic18-lt\cxx-framework\src\traditional\proc\p18f452.asm
                    PRODH   0x000ff4       data     extern E:\3.46\pic18-lt\cxx-framework\src\traditional\proc\p18f452.asm
                   TABLAT   0x000ff5       data     extern E:\3.46\pic18-lt\cxx-framework\src\traditional\proc\p18f452.asm
                   TBLPTR   0x000ff6       data     extern E:\3.46\pic18-lt\cxx-framework\src\traditional\proc\p18f452.asm
                  TBLPTRL   0x000ff6       data     extern E:\3.46\pic18-lt\cxx-framework\src\traditional\proc\p18f452.asm
                  TBLPTRH   0x000ff7       data     extern E:\3.46\pic18-lt\cxx-framework\src\traditional\proc\p18f452.asm
                  TBLPTRU   0x000ff8       data     extern E:\3.46\pic18-lt\cxx-framework\src\traditional\proc\p18f452.asm
                       PC   0x000ff9       data     extern E:\3.46\pic18-lt\cxx-framework\src\traditional\proc\p18f452.asm
                      PCL   0x000ff9       data     extern E:\3.46\pic18-lt\cxx-framework\src\traditional\proc\p18f452.asm
                   PCLATH   0x000ffa       data     extern E:\3.46\pic18-lt\cxx-framework\src\traditional\proc\p18f452.asm
                   PCLATU   0x000ffb       data     extern E:\3.46\pic18-lt\cxx-framework\src\traditional\proc\p18f452.asm
                   STKPTR   0x000ffc       data     extern E:\3.46\pic18-lt\cxx-framework\src\traditional\proc\p18f452.asm
               STKPTRbits   0x000ffc       data     extern E:\3.46\pic18-lt\cxx-framework\src\traditional\proc\p18f452.asm
                      TOS   0x000ffd       data     extern E:\3.46\pic18-lt\cxx-framework\src\traditional\proc\p18f452.asm
                     TOSL   0x000ffd       data     extern E:\3.46\pic18-lt\cxx-framework\src\traditional\proc\p18f452.asm
                     TOSH   0x000ffe       data     extern E:\3.46\pic18-lt\cxx-framework\src\traditional\proc\p18f452.asm
                     TOSU   0x000fff       data     extern E:\3.46\pic18-lt\cxx-framework\src\traditional\proc\p18f452.asm


